[Wed Apr 28 09:33:02.282900 2021] [:error] [pid 21326] [client 122.114.166.196:7459] script '/var/www/manoj/luoke.php' not found or unable to stat
[Wed Apr 28 09:33:03.244176 2021] [:error] [pid 21326] [client 122.114.166.196:7459] script '/var/www/manoj/nidage.php' not found or unable to stat
[Wed Apr 28 09:33:03.865359 2021] [:error] [pid 21326] [client 122.114.166.196:7459] script '/var/www/manoj/sanan.php' not found or unable to stat
[Wed Apr 28 09:33:05.045586 2021] [:error] [pid 21326] [client 122.114.166.196:7459] script '/var/www/manoj/02.php' not found or unable to stat
[Wed Apr 28 09:33:05.264375 2021] [:error] [pid 21326] [client 122.114.166.196:7459] script '/var/www/manoj/ddd.php' not found or unable to stat
[Wed Apr 28 09:33:05.488335 2021] [:error] [pid 21326] [client 122.114.166.196:7459] script '/var/www/manoj/mo.php' not found or unable to stat
[Wed Apr 28 09:33:05.702187 2021] [:error] [pid 21326] [client 122.114.166.196:7459] script '/var/www/manoj/sbkc.php' not found or unable to stat
[Wed Apr 28 09:33:05.922333 2021] [:error] [pid 21326] [client 122.114.166.196:7459] script '/var/www/manoj/sbkcb.php' not found or unable to stat
[Wed Apr 28 09:33:06.145517 2021] [:error] [pid 21326] [client 122.114.166.196:7459] script '/var/www/manoj/cnm.php' not found or unable to stat
[Wed Apr 28 09:33:06.376023 2021] [:error] [pid 21326] [client 122.114.166.196:7459] script '/var/www/manoj/tests.php' not found or unable to stat
[Wed Apr 28 09:33:06.907338 2021] [:error] [pid 21326] [client 122.114.166.196:7459] script '/var/www/manoj/luoran.php' not found or unable to stat
[Wed Apr 28 09:33:07.638217 2021] [:error] [pid 21326] [client 122.114.166.196:7459] script '/var/www/manoj/luoran6.php' not found or unable to stat
[Wed Apr 28 09:33:08.101379 2021] [:error] [pid 21326] [client 122.114.166.196:7459] script '/var/www/manoj/asen.php' not found or unable to stat
[Wed Apr 28 09:33:09.178664 2021] [:error] [pid 21326] [client 122.114.166.196:7459] script '/var/www/manoj/fx.php' not found or unable to stat
[Wed Apr 28 09:33:09.402263 2021] [:error] [pid 21326] [client 122.114.166.196:7459] script '/var/www/manoj/hl.php' not found or unable to stat
[Wed Apr 28 09:33:09.694789 2021] [:error] [pid 21326] [client 122.114.166.196:7459] script '/var/www/manoj/1556189185.php' not found or unable to stat
[Wed Apr 28 09:33:09.909598 2021] [:error] [pid 21326] [client 122.114.166.196:7459] script '/var/www/manoj/que.php' not found or unable to stat
[Wed Apr 28 09:33:10.127495 2021] [:error] [pid 21326] [client 122.114.166.196:7459] script '/var/www/manoj/shanzhi.php' not found or unable to stat
[Wed Apr 28 09:33:10.397020 2021] [:error] [pid 21326] [client 122.114.166.196:7459] script '/var/www/manoj/yc.php' not found or unable to stat
[Wed Apr 28 09:33:10.627368 2021] [:error] [pid 21326] [client 122.114.166.196:7459] script '/var/www/manoj/ycc.php' not found or unable to stat
[Wed Apr 28 09:33:11.375119 2021] [:error] [pid 21326] [client 122.114.166.196:7459] script '/var/www/manoj/yccc.php' not found or unable to stat
[Wed Apr 28 09:33:13.525507 2021] [:error] [pid 21326] [client 122.114.166.196:7459] script '/var/www/manoj/lr.php' not found or unable to stat
[Wed Apr 28 09:33:13.739880 2021] [:error] [pid 21326] [client 122.114.166.196:7459] script '/var/www/manoj/lr.php' not found or unable to stat
[Wed Apr 28 09:33:14.185160 2021] [:error] [pid 21327] [client 122.114.166.196:14873] script '/var/www/manoj/2.php' not found or unable to stat
[Wed Apr 28 09:33:14.418204 2021] [:error] [pid 21327] [client 122.114.166.196:14873] script '/var/www/manoj/xixi.php' not found or unable to stat
[Wed Apr 28 09:33:14.636752 2021] [:error] [pid 21327] [client 122.114.166.196:14873] script '/var/www/manoj/qiqi.php' not found or unable to stat
[Wed Apr 28 09:33:14.849576 2021] [:error] [pid 21327] [client 122.114.166.196:14873] script '/var/www/manoj/qiqi11.php' not found or unable to stat
[Wed Apr 28 09:33:15.125579 2021] [:error] [pid 21327] [client 122.114.166.196:14873] script '/var/www/manoj/ruii.php' not found or unable to stat
[Wed Apr 28 09:33:15.459950 2021] [:error] [pid 21327] [client 122.114.166.196:14873] script '/var/www/manoj/ci.php' not found or unable to stat
[Wed Apr 28 09:33:16.290735 2021] [:error] [pid 21327] [client 122.114.166.196:14873] script '/var/www/manoj/mutuba.php' not found or unable to stat
[Wed Apr 28 09:33:17.040198 2021] [:error] [pid 21327] [client 122.114.166.196:14873] script '/var/www/manoj/taocishun.php' not found or unable to stat
[Wed Apr 28 09:33:17.559149 2021] [:error] [pid 21327] [client 122.114.166.196:14873] script '/var/www/manoj/gg.php' not found or unable to stat
[Wed Apr 28 09:33:17.777212 2021] [:error] [pid 21327] [client 122.114.166.196:14873] script '/var/www/manoj/xiong.php' not found or unable to stat
[Wed Apr 28 09:33:18.054431 2021] [:error] [pid 21327] [client 122.114.166.196:14873] script '/var/www/manoj/jing.php' not found or unable to stat
[Wed Apr 28 09:33:18.264058 2021] [:error] [pid 21327] [client 122.114.166.196:14873] script '/var/www/manoj/ganshiqiang.php' not found or unable to stat
[Wed Apr 28 09:33:18.494526 2021] [:error] [pid 21327] [client 122.114.166.196:14873] script '/var/www/manoj/n23.php' not found or unable to stat
[Wed Apr 28 09:33:18.709084 2021] [:error] [pid 21327] [client 122.114.166.196:14873] script '/var/www/manoj/infos.php' not found or unable to stat
[Wed Apr 28 09:33:18.920182 2021] [:error] [pid 21327] [client 122.114.166.196:14873] script '/var/www/manoj/api.php' not found or unable to stat
[Wed Apr 28 09:33:19.252995 2021] [:error] [pid 21327] [client 122.114.166.196:14873] script '/var/www/manoj/zxc.php' not found or unable to stat
[Wed Apr 28 09:33:19.526677 2021] [:error] [pid 21327] [client 122.114.166.196:14873] script '/var/www/manoj/sqlk.php' not found or unable to stat
[Wed Apr 28 09:33:19.933964 2021] [:error] [pid 21327] [client 122.114.166.196:14873] script '/var/www/manoj/xx33.php' not found or unable to stat
[Wed Apr 28 09:33:21.467628 2021] [:error] [pid 21327] [client 122.114.166.196:14873] script '/var/www/manoj/aotian.php' not found or unable to stat
[Wed Apr 28 09:33:21.688690 2021] [:error] [pid 21327] [client 122.114.166.196:14873] script '/var/www/manoj/buluya.php' not found or unable to stat
[Wed Apr 28 09:33:21.893831 2021] [:error] [pid 21327] [client 122.114.166.196:14873] script '/var/www/manoj/oumi.php' not found or unable to stat
[Wed Apr 28 09:33:22.113354 2021] [:error] [pid 21327] [client 122.114.166.196:14873] script '/var/www/manoj/qiangkezhi.php' not found or unable to stat
[Wed Apr 28 09:33:22.532184 2021] [:error] [pid 21327] [client 122.114.166.196:14873] script '/var/www/manoj/cs.php' not found or unable to stat
[Wed Apr 28 09:33:22.790975 2021] [:error] [pid 21327] [client 122.114.166.196:14873] script '/var/www/manoj/ww.php' not found or unable to stat
[Wed Apr 28 09:33:23.002189 2021] [:error] [pid 21327] [client 122.114.166.196:14873] script '/var/www/manoj/zyc.php' not found or unable to stat
[Wed Apr 28 09:33:23.309682 2021] [:error] [pid 21327] [client 122.114.166.196:14873] script '/var/www/manoj/inde.php' not found or unable to stat
[Wed Apr 28 09:33:23.677757 2021] [:error] [pid 21327] [client 122.114.166.196:14873] script '/var/www/manoj/1.php' not found or unable to stat
[Wed Apr 28 09:33:24.059467 2021] [:error] [pid 21327] [client 122.114.166.196:14873] script '/var/www/manoj/info8.php' not found or unable to stat
[Wed Apr 28 09:33:24.265851 2021] [:error] [pid 21327] [client 122.114.166.196:14873] script '/var/www/manoj/qqq.php' not found or unable to stat
[Wed Apr 28 09:33:24.479006 2021] [:error] [pid 21327] [client 122.114.166.196:14873] script '/var/www/manoj/lequ.php' not found or unable to stat
[Wed Apr 28 09:33:26.048503 2021] [:error] [pid 21327] [client 122.114.166.196:14873] script '/var/www/manoj/anyi.php' not found or unable to stat
[Wed Apr 28 09:33:26.261458 2021] [:error] [pid 21327] [client 122.114.166.196:14873] script '/var/www/manoj/user.php' not found or unable to stat
[Wed Apr 28 09:33:26.477028 2021] [:error] [pid 21327] [client 122.114.166.196:14873] script '/var/www/manoj/xiao.php' not found or unable to stat
[Wed Apr 28 09:33:26.691204 2021] [:error] [pid 21327] [client 122.114.166.196:14873] script '/var/www/manoj/wanmei.php' not found or unable to stat
[Wed Apr 28 09:33:26.899974 2021] [:error] [pid 21327] [client 122.114.166.196:14873] script '/var/www/manoj/wuwu.php' not found or unable to stat
[Wed Apr 28 09:33:27.126159 2021] [:error] [pid 21327] [client 122.114.166.196:14873] script '/var/www/manoj/bf.php' not found or unable to stat
[Wed Apr 28 09:33:27.339005 2021] [:error] [pid 21327] [client 122.114.166.196:14873] script '/var/www/manoj/bf.php' not found or unable to stat
[Wed Apr 28 09:33:28.219300 2021] [:error] [pid 21327] [client 122.114.166.196:14873] script '/var/www/manoj/bn.php' not found or unable to stat
[Wed Apr 28 09:33:28.569405 2021] [:error] [pid 21327] [client 122.114.166.196:14873] script '/var/www/manoj/gsy.php' not found or unable to stat
[Wed Apr 28 09:33:30.144366 2021] [:error] [pid 21327] [client 122.114.166.196:14873] script '/var/www/manoj/iis.php' not found or unable to stat
[Wed Apr 28 09:33:30.368144 2021] [:error] [pid 21327] [client 122.114.166.196:14873] script '/var/www/manoj/zxy.php' not found or unable to stat
[Wed Apr 28 09:33:30.585679 2021] [:error] [pid 21327] [client 122.114.166.196:14873] script '/var/www/manoj/zxy.php' not found or unable to stat
[Wed Apr 28 09:33:30.797376 2021] [:error] [pid 21327] [client 122.114.166.196:14873] script '/var/www/manoj/zxy.php' not found or unable to stat
[Wed Apr 28 09:33:31.048789 2021] [:error] [pid 21327] [client 122.114.166.196:14873] script '/var/www/manoj/yyx.php' not found or unable to stat
[Wed Apr 28 09:33:31.270127 2021] [:error] [pid 21327] [client 122.114.166.196:14873] script '/var/www/manoj/ml.php' not found or unable to stat
[Wed Apr 28 09:33:31.484453 2021] [:error] [pid 21327] [client 122.114.166.196:14873] script '/var/www/manoj/xs.php' not found or unable to stat
[Wed Apr 28 09:33:31.700865 2021] [:error] [pid 21327] [client 122.114.166.196:14873] script '/var/www/manoj/phplil.php' not found or unable to stat
[Wed Apr 28 09:33:32.188082 2021] [:error] [pid 21327] [client 122.114.166.196:14873] script '/var/www/manoj/config.inc.php' not found or unable to stat
[Wed Apr 28 09:33:32.573926 2021] [:error] [pid 21327] [client 122.114.166.196:14873] script '/var/www/manoj/ss.php' not found or unable to stat
[Wed Apr 28 09:33:32.804204 2021] [:error] [pid 21327] [client 122.114.166.196:14873] script '/var/www/manoj/ll.php' not found or unable to stat
[Wed Apr 28 09:33:33.394456 2021] [:error] [pid 21327] [client 122.114.166.196:14873] script '/var/www/manoj/secure.php' not found or unable to stat
[Wed Apr 28 09:33:34.012677 2021] [:error] [pid 21327] [client 122.114.166.196:14873] script '/var/www/manoj/secure.php' not found or unable to stat
[Wed Apr 28 09:33:34.242816 2021] [:error] [pid 21327] [client 122.114.166.196:14873] script '/var/www/manoj/secure1.php' not found or unable to stat
[Wed Apr 28 09:33:34.580615 2021] [:error] [pid 21327] [client 122.114.166.196:14873] script '/var/www/manoj/7.php' not found or unable to stat
[Wed Apr 28 09:33:34.787240 2021] [:error] [pid 21327] [client 122.114.166.196:14873] script '/var/www/manoj/go.php' not found or unable to stat
[Wed Apr 28 09:33:34.999580 2021] [:error] [pid 21327] [client 122.114.166.196:14873] script '/var/www/manoj/web.php' not found or unable to stat
[Wed Apr 28 09:33:35.207678 2021] [:error] [pid 21327] [client 122.114.166.196:14873] script '/var/www/manoj/wulv.php' not found or unable to stat
[Wed Apr 28 09:33:35.451294 2021] [:error] [pid 21327] [client 122.114.166.196:14873] script '/var/www/manoj/xiaomi.php' not found or unable to stat
[Wed Apr 28 09:33:35.666826 2021] [:error] [pid 21327] [client 122.114.166.196:14873] script '/var/www/manoj/fans.php' not found or unable to stat
[Wed Apr 28 09:33:35.899218 2021] [:error] [pid 21327] [client 122.114.166.196:14873] script '/var/www/manoj/infos.php' not found or unable to stat
[Wed Apr 28 09:33:36.118180 2021] [:error] [pid 21327] [client 122.114.166.196:14873] script '/var/www/manoj/phpinf.php' not found or unable to stat
[Wed Apr 28 09:33:36.340932 2021] [:error] [pid 21327] [client 122.114.166.196:14873] script '/var/www/manoj/MCLi.php' not found or unable to stat
[Wed Apr 28 09:33:36.546153 2021] [:error] [pid 21327] [client 122.114.166.196:14873] script '/var/www/manoj/MCLi.php' not found or unable to stat
[Wed Apr 28 09:33:36.760004 2021] [:error] [pid 21327] [client 122.114.166.196:14873] script '/var/www/manoj/coon.php' not found or unable to stat
[Wed Apr 28 09:33:36.973795 2021] [:error] [pid 21327] [client 122.114.166.196:14873] script '/var/www/manoj/1.php' not found or unable to stat
[Wed Apr 28 09:33:37.493521 2021] [:error] [pid 21327] [client 122.114.166.196:14873] script '/var/www/manoj/6.php' not found or unable to stat
[Wed Apr 28 09:33:38.844038 2021] [:error] [pid 21327] [client 122.114.166.196:14873] script '/var/www/manoj/d.php' not found or unable to stat
[Wed Apr 28 09:33:39.049326 2021] [:error] [pid 21327] [client 122.114.166.196:14873] script '/var/www/manoj/function.inc.php' not found or unable to stat
[Wed Apr 28 09:33:39.262720 2021] [:error] [pid 21327] [client 122.114.166.196:14873] script '/var/www/manoj/userr.php' not found or unable to stat
[Wed Apr 28 09:33:39.469175 2021] [:error] [pid 21327] [client 122.114.166.196:14873] script '/var/www/manoj/ysy.php' not found or unable to stat
[Wed Apr 28 09:33:39.693980 2021] [:error] [pid 21327] [client 122.114.166.196:14873] script '/var/www/manoj/3.php' not found or unable to stat
[Wed Apr 28 09:33:39.898939 2021] [:error] [pid 21327] [client 122.114.166.196:14873] script '/var/www/manoj/zxc.php' not found or unable to stat
[Wed Apr 28 09:33:40.117815 2021] [:error] [pid 21327] [client 122.114.166.196:14873] script '/var/www/manoj/Hzllaga.php' not found or unable to stat
[Wed Apr 28 09:33:40.341315 2021] [:error] [pid 21327] [client 122.114.166.196:14873] script '/var/www/manoj/inc.php' not found or unable to stat
[Wed Apr 28 09:33:40.637257 2021] [:error] [pid 21327] [client 122.114.166.196:14873] script '/var/www/manoj/webconfig.php' not found or unable to stat
[Wed Apr 28 09:33:40.851438 2021] [:error] [pid 21327] [client 122.114.166.196:14873] script '/var/www/manoj/code.php' not found or unable to stat
[Wed Apr 28 09:33:41.071253 2021] [:error] [pid 21327] [client 122.114.166.196:14873] script '/var/www/manoj/temtel.php' not found or unable to stat
[Wed Apr 28 09:33:41.279935 2021] [:error] [pid 21327] [client 122.114.166.196:14873] script '/var/www/manoj/data.php' not found or unable to stat
[Wed Apr 28 09:33:41.491834 2021] [:error] [pid 21327] [client 122.114.166.196:14873] script '/var/www/manoj/fuck.php' not found or unable to stat
[Wed Apr 28 09:33:43.147669 2021] [:error] [pid 21327] [client 122.114.166.196:14873] script '/var/www/manoj/.config.php' not found or unable to stat
[Wed Apr 28 09:33:43.503591 2021] [:error] [pid 21327] [client 122.114.166.196:14873] script '/var/www/manoj/test.php' not found or unable to stat
[Wed Apr 28 09:33:43.763887 2021] [:error] [pid 21327] [client 122.114.166.196:14873] script '/var/www/manoj/cron.php' not found or unable to stat
[Wed Apr 28 09:33:44.097646 2021] [:error] [pid 21327] [client 122.114.166.196:14873] script '/var/www/manoj/v.php' not found or unable to stat
[Wed Apr 28 09:33:44.371254 2021] [:error] [pid 21327] [client 122.114.166.196:14873] script '/var/www/manoj/vulnspy.php' not found or unable to stat
[Wed Apr 28 09:33:44.585845 2021] [:error] [pid 21327] [client 122.114.166.196:14873] script '/var/www/manoj/jsc.php' not found or unable to stat
[Wed Apr 28 09:33:44.804659 2021] [:error] [pid 21327] [client 122.114.166.196:14873] script '/var/www/manoj/soga.php' not found or unable to stat
[Wed Apr 28 09:33:45.111466 2021] [:error] [pid 21327] [client 122.114.166.196:14873] script '/var/www/manoj/in.php' not found or unable to stat
[Wed Apr 28 09:33:45.399128 2021] [:error] [pid 21327] [client 122.114.166.196:14873] script '/var/www/manoj/zxc1.php' not found or unable to stat
[Wed Apr 28 09:33:45.630097 2021] [:error] [pid 21327] [client 122.114.166.196:14873] script '/var/www/manoj/zxc0.php' not found or unable to stat
[Wed Apr 28 09:33:50.289302 2021] [:error] [pid 21327] [client 122.114.166.196:14873] script '/var/www/manoj/zxc1.php' not found or unable to stat
[Wed Apr 28 09:33:50.576826 2021] [:error] [pid 21327] [client 122.114.166.196:14873] script '/var/www/manoj/zxc2.php' not found or unable to stat
[Wed Apr 28 09:33:50.792199 2021] [:error] [pid 21327] [client 122.114.166.196:14873] script '/var/www/manoj/indexa.php' not found or unable to stat
[Wed Apr 28 09:33:51.537829 2021] [:error] [pid 21327] [client 122.114.166.196:14873] script '/var/www/manoj/lx.php' not found or unable to stat
[Wed Apr 28 09:33:51.757204 2021] [:error] [pid 21327] [client 122.114.166.196:14873] script '/var/www/manoj/cn.php' not found or unable to stat
[Wed Apr 28 09:33:51.962422 2021] [:error] [pid 21327] [client 122.114.166.196:14873] script '/var/www/manoj/api.php' not found or unable to stat
[Wed Apr 28 09:33:52.179492 2021] [:error] [pid 21327] [client 122.114.166.196:14873] script '/var/www/manoj/index1.php' not found or unable to stat
[Wed Apr 28 09:33:52.409345 2021] [:error] [pid 21327] [client 122.114.166.196:14873] script '/var/www/manoj/info.php' not found or unable to stat
[Wed Apr 28 09:33:52.618087 2021] [:error] [pid 21327] [client 122.114.166.196:14873] script '/var/www/manoj/info1.php' not found or unable to stat
[Wed Apr 28 09:33:52.918426 2021] [:error] [pid 21327] [client 122.114.166.196:14873] script '/var/www/manoj/aaaaaa1.php' not found or unable to stat
[Wed Apr 28 09:33:53.147735 2021] [:error] [pid 21327] [client 122.114.166.196:14873] script '/var/www/manoj/up.php' not found or unable to stat
[Wed Apr 28 09:33:53.591183 2021] [:error] [pid 30176] [client 122.114.166.196:21586] script '/var/www/manoj/test123.php' not found or unable to stat
[Wed Apr 28 09:33:53.910826 2021] [:error] [pid 30176] [client 122.114.166.196:21586] script '/var/www/manoj/test123.php' not found or unable to stat
[Wed Apr 28 09:33:54.122848 2021] [:error] [pid 30176] [client 122.114.166.196:21586] script '/var/www/manoj/fb.php' not found or unable to stat
[Wed Apr 28 09:33:54.464665 2021] [:error] [pid 30176] [client 122.114.166.196:21586] script '/var/www/manoj/paylog.php' not found or unable to stat
[Wed Apr 28 09:33:54.681655 2021] [:error] [pid 30176] [client 122.114.166.196:21586] script '/var/www/manoj/paylog.php' not found or unable to stat
[Wed Apr 28 09:33:54.892043 2021] [:error] [pid 30176] [client 122.114.166.196:21586] script '/var/www/manoj/x.php' not found or unable to stat
[Wed Apr 28 09:33:55.641589 2021] [:error] [pid 30176] [client 122.114.166.196:21586] script '/var/www/manoj/cnm.php' not found or unable to stat
[Wed Apr 28 09:33:55.862262 2021] [:error] [pid 30176] [client 122.114.166.196:21586] script '/var/www/manoj/test404.php' not found or unable to stat
[Wed Apr 28 09:33:56.085679 2021] [:error] [pid 30176] [client 122.114.166.196:21586] script '/var/www/manoj/test.php' not found or unable to stat
[Wed Apr 28 09:33:56.314124 2021] [:error] [pid 30176] [client 122.114.166.196:21586] script '/var/www/manoj/phpinf0.php' not found or unable to stat
[Wed Apr 28 09:33:56.531796 2021] [:error] [pid 30176] [client 122.114.166.196:21586] script '/var/www/manoj/1ndex.php' not found or unable to stat
[Wed Apr 28 09:33:56.740419 2021] [:error] [pid 30176] [client 122.114.166.196:21586] script '/var/www/manoj/autoloader.php' not found or unable to stat
[Wed Apr 28 09:33:56.952970 2021] [:error] [pid 30176] [client 122.114.166.196:21586] script '/var/www/manoj/class1.php' not found or unable to stat
[Wed Apr 28 09:33:57.191084 2021] [:error] [pid 30176] [client 122.114.166.196:21586] script '/var/www/manoj/test404.php' not found or unable to stat
[Wed Apr 28 09:33:57.412448 2021] [:error] [pid 30176] [client 122.114.166.196:21586] script '/var/www/manoj/shi.php' not found or unable to stat
[Wed Apr 28 09:33:57.633621 2021] [:error] [pid 30176] [client 122.114.166.196:21586] script '/var/www/manoj/think.php' not found or unable to stat
[Wed Apr 28 09:33:57.850135 2021] [:error] [pid 30176] [client 122.114.166.196:21586] script '/var/www/manoj/back.php' not found or unable to stat
[Wed Apr 28 09:33:58.059460 2021] [:error] [pid 30176] [client 122.114.166.196:21586] script '/var/www/manoj/DJ.php' not found or unable to stat
[Wed Apr 28 09:33:58.272428 2021] [:error] [pid 30176] [client 122.114.166.196:21586] script '/var/www/manoj/.git.php' not found or unable to stat
[Wed Apr 28 09:33:58.484513 2021] [:error] [pid 30176] [client 122.114.166.196:21586] script '/var/www/manoj/shipu.php' not found or unable to stat
[Wed Apr 28 09:33:58.713840 2021] [:error] [pid 30176] [client 122.114.166.196:21586] script '/var/www/manoj/fantao.php' not found or unable to stat
[Wed Apr 28 09:33:58.925103 2021] [:error] [pid 30176] [client 122.114.166.196:21586] script '/var/www/manoj/config.php' not found or unable to stat
[Wed Apr 28 09:33:59.139254 2021] [:error] [pid 30176] [client 122.114.166.196:21586] script '/var/www/manoj/config.php' not found or unable to stat
[Wed Apr 28 09:33:59.893259 2021] [:error] [pid 30176] [client 122.114.166.196:21586] script '/var/www/manoj/Config_Shell.php' not found or unable to stat
[Wed Apr 28 09:34:00.102331 2021] [:error] [pid 30176] [client 122.114.166.196:21586] script '/var/www/manoj/fdgq.php' not found or unable to stat
[Wed Apr 28 09:34:00.322954 2021] [:error] [pid 30176] [client 122.114.166.196:21586] script '/var/www/manoj/spread.php' not found or unable to stat
[Wed Apr 28 09:34:00.564987 2021] [:error] [pid 30176] [client 122.114.166.196:21586] script '/var/www/manoj/1222.php' not found or unable to stat
[Wed Apr 28 09:34:00.790208 2021] [:error] [pid 30176] [client 122.114.166.196:21586] script '/var/www/manoj/spre.php' not found or unable to stat
[Wed Apr 28 09:34:01.015018 2021] [:error] [pid 30176] [client 122.114.166.196:21586] script '/var/www/manoj/infosys.php' not found or unable to stat
[Wed Apr 28 09:34:01.236052 2021] [:error] [pid 30176] [client 122.114.166.196:21586] script '/var/www/manoj/1ndex.php' not found or unable to stat
[Wed Apr 28 09:34:01.448933 2021] [:error] [pid 30176] [client 122.114.166.196:21586] script '/var/www/manoj/info.php' not found or unable to stat
[Wed Apr 28 09:34:01.662348 2021] [:error] [pid 30176] [client 122.114.166.196:21586] script '/var/www/manoj/51.php' not found or unable to stat
[Wed Apr 28 09:34:01.873208 2021] [:error] [pid 30176] [client 122.114.166.196:21586] script '/var/www/manoj/cadre.php' not found or unable to stat
[Wed Apr 28 09:34:02.092647 2021] [:error] [pid 30176] [client 122.114.166.196:21586] script '/var/www/manoj/mm.php' not found or unable to stat
[Wed Apr 28 09:34:02.301760 2021] [:error] [pid 30176] [client 122.114.166.196:21586] script '/var/www/manoj/test.php' not found or unable to stat
[Wed Apr 28 09:34:02.511583 2021] [:error] [pid 30176] [client 122.114.166.196:21586] script '/var/www/manoj/1q.php' not found or unable to stat
[Wed Apr 28 09:34:02.783808 2021] [:error] [pid 30176] [client 122.114.166.196:21586] script '/var/www/manoj/1111.php' not found or unable to stat
[Wed Apr 28 09:34:03.016981 2021] [:error] [pid 30176] [client 122.114.166.196:21586] script '/var/www/manoj/errors.php' not found or unable to stat
[Wed Apr 28 09:34:03.233010 2021] [:error] [pid 30176] [client 122.114.166.196:21586] script '/var/www/manoj/q.php' not found or unable to stat
[Wed Apr 28 09:34:03.457305 2021] [:error] [pid 30176] [client 122.114.166.196:21586] script '/var/www/manoj/lanyecn.php' not found or unable to stat
[Wed Apr 28 09:34:03.896677 2021] [:error] [pid 30176] [client 122.114.166.196:21586] script '/var/www/manoj/lanyecn.php' not found or unable to stat
[Wed Apr 28 09:34:04.132728 2021] [:error] [pid 30176] [client 122.114.166.196:21586] script '/var/www/manoj/mybestloves.php' not found or unable to stat
[Wed Apr 28 09:34:04.379181 2021] [:error] [pid 30176] [client 122.114.166.196:21586] script '/var/www/manoj/xiaoxi.php' not found or unable to stat
[Wed Apr 28 09:34:04.610841 2021] [:error] [pid 30176] [client 122.114.166.196:21586] script '/var/www/manoj/xiaoxi.php' not found or unable to stat
[Wed Apr 28 09:34:04.823672 2021] [:error] [pid 30176] [client 122.114.166.196:21586] script '/var/www/manoj/ww.php' not found or unable to stat
[Wed Apr 28 09:34:05.065194 2021] [:error] [pid 30176] [client 122.114.166.196:21586] script '/var/www/manoj/pop.php' not found or unable to stat
[Wed Apr 28 09:34:05.278065 2021] [:error] [pid 30176] [client 122.114.166.196:21586] script '/var/www/manoj/ok.php' not found or unable to stat
[Wed Apr 28 09:34:05.492412 2021] [:error] [pid 30176] [client 122.114.166.196:21586] script '/var/www/manoj/test.php' not found or unable to stat
[Wed Apr 28 09:34:05.706068 2021] [:error] [pid 30176] [client 122.114.166.196:21586] script '/var/www/manoj/conf.php' not found or unable to stat
[Wed Apr 28 09:34:05.923177 2021] [:error] [pid 30176] [client 122.114.166.196:21586] script '/var/www/manoj/dashu.php' not found or unable to stat
[Wed Apr 28 09:34:06.207402 2021] [:error] [pid 30176] [client 122.114.166.196:21586] script '/var/www/manoj/shell.php' not found or unable to stat
[Wed Apr 28 09:34:06.426746 2021] [:error] [pid 30176] [client 122.114.166.196:21586] script '/var/www/manoj/queqiao.php' not found or unable to stat
[Wed Apr 28 09:34:06.640674 2021] [:error] [pid 30176] [client 122.114.166.196:21586] script '/var/www/manoj/12345.php' not found or unable to stat
[Wed Apr 28 09:34:06.915133 2021] [:error] [pid 30176] [client 122.114.166.196:21586] script '/var/www/manoj/qqq.php' not found or unable to stat
[Wed Apr 28 09:34:07.261842 2021] [:error] [pid 30176] [client 122.114.166.196:21586] script '/var/www/manoj/15.php' not found or unable to stat
[Wed Apr 28 09:34:07.480750 2021] [:error] [pid 30176] [client 122.114.166.196:21586] script '/var/www/manoj/slider.php' not found or unable to stat
[Wed Apr 28 09:34:07.828700 2021] [:error] [pid 30176] [client 122.114.166.196:21586] script '/var/www/manoj/qunhuang.php' not found or unable to stat
[Wed Apr 28 09:34:08.248340 2021] [:error] [pid 30176] [client 122.114.166.196:21586] script '/var/www/manoj/hannan.php' not found or unable to stat
[Wed Apr 28 09:34:08.460661 2021] [:error] [pid 30176] [client 122.114.166.196:21586] script '/var/www/manoj/confie.php' not found or unable to stat
[Wed Apr 28 09:34:08.681983 2021] [:error] [pid 30176] [client 122.114.166.196:21586] script '/var/www/manoj/igo.php' not found or unable to stat
[Wed Apr 28 09:34:08.891195 2021] [:error] [pid 30176] [client 122.114.166.196:21586] script '/var/www/manoj/code.php' not found or unable to stat
[Wed Apr 28 09:34:09.103450 2021] [:error] [pid 30176] [client 122.114.166.196:21586] script '/var/www/manoj/ss.php' not found or unable to stat
[Wed Apr 28 09:34:09.319685 2021] [:error] [pid 30176] [client 122.114.166.196:21586] script '/var/www/manoj/php.php' not found or unable to stat
[Wed Apr 28 09:34:09.530889 2021] [:error] [pid 30176] [client 122.114.166.196:21586] script '/var/www/manoj/about.php' not found or unable to stat
[Wed Apr 28 09:34:09.767586 2021] [:error] [pid 30176] [client 122.114.166.196:21586] script '/var/www/manoj/incs.php' not found or unable to stat
[Wed Apr 28 09:34:10.001385 2021] [:error] [pid 30176] [client 122.114.166.196:21586] script '/var/www/manoj/159.php' not found or unable to stat
[Wed Apr 28 09:34:10.214004 2021] [:error] [pid 30176] [client 122.114.166.196:21586] script '/var/www/manoj/test.php' not found or unable to stat
[Wed Apr 28 09:34:10.512087 2021] [:error] [pid 30176] [client 122.114.166.196:21586] script '/var/www/manoj/test1.php' not found or unable to stat
[Wed Apr 28 09:34:11.909037 2021] [:error] [pid 30176] [client 122.114.166.196:21586] script '/var/www/manoj/webconfig.txt.php' not found or unable to stat
[Wed Apr 28 09:34:12.570035 2021] [:error] [pid 30176] [client 122.114.166.196:21586] script '/var/www/manoj/api.php' not found or unable to stat
[Wed Apr 28 09:34:12.787243 2021] [:error] [pid 30176] [client 122.114.166.196:21586] script '/var/www/manoj/luso.php' not found or unable to stat
[Wed Apr 28 09:34:13.002856 2021] [:error] [pid 30176] [client 122.114.166.196:21586] script '/var/www/manoj/1ndex.php' not found or unable to stat
[Wed Apr 28 09:34:13.215014 2021] [:error] [pid 30176] [client 122.114.166.196:21586] script '/var/www/manoj/indexbak.php' not found or unable to stat
[Wed Apr 28 09:34:13.448814 2021] [:error] [pid 30176] [client 122.114.166.196:21586] script '/var/www/manoj/4o4.php' not found or unable to stat
[Wed Apr 28 09:34:13.657467 2021] [:error] [pid 30176] [client 122.114.166.196:21586] script '/var/www/manoj/xmlrpc.php' not found or unable to stat
[Wed Apr 28 09:34:25.484268 2021] [:error] [pid 31758] [client 122.114.166.196:28086] script '/var/www/manoj/dong.php' not found or unable to stat
[Wed Apr 28 09:34:25.764045 2021] [:error] [pid 31758] [client 122.114.166.196:28086] script '/var/www/manoj/xun.php' not found or unable to stat
[Wed Apr 28 09:34:27.429950 2021] [:error] [pid 31758] [client 122.114.166.196:28086] script '/var/www/manoj/datas.php' not found or unable to stat
[Wed Apr 28 09:34:27.674653 2021] [:error] [pid 31758] [client 122.114.166.196:28086] script '/var/www/manoj/aojiao.php' not found or unable to stat
[Wed Apr 28 09:34:27.906143 2021] [:error] [pid 31758] [client 122.114.166.196:28086] script '/var/www/manoj/guipu.php' not found or unable to stat
[Wed Apr 28 09:34:28.143817 2021] [:error] [pid 31758] [client 122.114.166.196:28086] script '/var/www/manoj/zhui.php' not found or unable to stat
[Wed Apr 28 09:34:29.579400 2021] [:error] [pid 31758] [client 122.114.166.196:28086] script '/var/www/manoj/ji.php' not found or unable to stat
[Wed Apr 28 09:34:29.803244 2021] [:error] [pid 31758] [client 122.114.166.196:28086] script '/var/www/manoj/xing.php' not found or unable to stat
[Wed Apr 28 09:34:30.758384 2021] [:error] [pid 31758] [client 122.114.166.196:28086] script '/var/www/manoj/c.php' not found or unable to stat
[Wed Apr 28 09:34:31.004842 2021] [:error] [pid 31758] [client 122.114.166.196:28086] script '/var/www/manoj/c.php' not found or unable to stat
[Wed Apr 28 09:34:31.319423 2021] [:error] [pid 31758] [client 122.114.166.196:28086] script '/var/www/manoj/test.php' not found or unable to stat
[Wed Apr 28 09:34:31.637572 2021] [:error] [pid 31758] [client 122.114.166.196:28086] script '/var/www/manoj/laobiao.php' not found or unable to stat
[Wed Apr 28 09:34:31.894140 2021] [:error] [pid 31758] [client 122.114.166.196:28086] script '/var/www/manoj/sample.php' not found or unable to stat
[Wed Apr 28 09:34:37.543862 2021] [:error] [pid 31758] [client 122.114.166.196:28086] script '/var/www/manoj/shell.php' not found or unable to stat
[Wed Apr 28 09:34:38.013383 2021] [:error] [pid 31758] [client 122.114.166.196:28086] script '/var/www/manoj/12.php' not found or unable to stat
[Wed Apr 28 09:34:38.239640 2021] [:error] [pid 31758] [client 122.114.166.196:28086] script '/var/www/manoj/ecmsmod.php' not found or unable to stat
[Wed Apr 28 09:34:39.690621 2021] [:error] [pid 31758] [client 122.114.166.196:28086] script '/var/www/manoj/index.php' not found or unable to stat
[Wed Apr 28 09:34:40.624951 2021] [:error] [pid 31758] [client 122.114.166.196:28086] script '/var/www/manoj/user.php' not found or unable to stat, referer: 554fcae493e564ee0dc75bdf2ebf94caads|a:3:{s:2:"id";s:3:"'/*";s:3:"num";s:141:"*/ union select 1,0x272F2A,3,4,5,6,7,8,0x7b247b24524345275d3b6469652f2a2a2f286d6435284449524543544f52595f534550415241544f5229293b2f2f7d7d,0--";s:4:"name";s:3:"ads";}554fcae493e564ee0dc75bdf2ebf94ca
[Wed Apr 28 09:34:40.923248 2021] [:error] [pid 31758] [client 122.114.166.196:28086] script '/var/www/manoj/index.php' not found or unable to stat
[Wed Apr 28 13:23:22.203346 2021] [:error] [pid 21327] [client 161.35.13.188:60006] script '/var/www/manoj/xmlrpc.php' not found or unable to stat
[Wed Apr 28 16:22:41.892740 2021] [:error] [pid 6019] [client 143.110.253.31:58904] script '/var/www/manoj/wp-login.php' not found or unable to stat
[Wed Apr 28 16:42:44.025156 2021] [:error] [pid 21327] [client 157.245.243.14:41820] script '/var/www/manoj/wp-login.php' not found or unable to stat, referer: http://manojsathya.tech/wp-login.php
[Wed Apr 28 16:42:46.780480 2021] [:error] [pid 30180] [client 51.15.187.153:34044] script '/var/www/manoj/wp-login.php' not found or unable to stat
[Wed Apr 28 16:47:53.546389 2021] [:error] [pid 30176] [client 45.155.205.27:53240] script '/var/www/manoj/index.php' not found or unable to stat
[Wed Apr 28 23:32:13.553152 2021] [:error] [pid 6019] [client 189.20.125.26:59910] script '/var/www/manoj/wp-login.php' not found or unable to stat, referer: http://www.manojsathya.tech/wp-login.php
[Thu Apr 29 14:49:40.581368 2021] [:error] [pid 25911] [client 45.155.205.84:35852] script '/var/www/manoj/index.php' not found or unable to stat
[Thu Apr 29 17:59:16.206716 2021] [:error] [pid 25913] [client 159.203.87.11:40626] script '/var/www/manoj/system_api.php' not found or unable to stat
[Thu Apr 29 17:59:19.058592 2021] [:error] [pid 25912] [client 159.203.87.11:42520] script '/var/www/manoj/system_api.php' not found or unable to stat
[Fri Apr 30 05:16:52.718531 2021] [:error] [pid 30177] [client 89.30.96.190:57815] script '/var/www/manoj/wp-login.php' not found or unable to stat
[Fri Apr 30 05:26:38.057862 2021] [:error] [pid 30176] [client 5.188.210.227:59804] script '/var/www/manoj/echo.php' not found or unable to stat, referer: https://www.google.com/
[Fri Apr 30 06:39:08.474575 2021] [:error] [pid 25911] [client 45.155.205.84:51448] script '/var/www/manoj/index.php' not found or unable to stat
[Fri Apr 30 20:41:25.110140 2021] [:error] [pid 25911] [client 45.8.159.240:61111] script '/var/www/manoj/index.php' not found or unable to stat
[Fri Apr 30 21:10:20.857279 2021] [:error] [pid 1690] [client 1.234.27.10:59874] script '/var/www/manoj/wp-login.php' not found or unable to stat
[Fri Apr 30 21:10:20.953279 2021] [:error] [pid 25911] [client 1.234.27.10:59890] script '/var/www/manoj/wp-login.php' not found or unable to stat
[Fri Apr 30 22:28:57.193793 2021] [:error] [pid 1690] [client 45.155.205.84:38418] script '/var/www/manoj/index.php' not found or unable to stat
[Sat May 01 12:57:50.290990 2021] [:error] [pid 6019] [client 45.8.159.240:49770] script '/var/www/manoj/index.php' not found or unable to stat
[Sat May 01 13:19:16.582550 2021] [cgi:error] [pid 30176] [client 185.233.186.56:57014] script not found or unable to stat: /var/www/cgi-bin/config.exp
[Sat May 01 14:14:54.518778 2021] [cgi:error] [pid 25912] [client 185.233.186.56:46160] script not found or unable to stat: /var/www/cgi-bin/config.exp
[Sat May 01 18:32:34.086779 2021] [:error] [pid 25912] [client 45.155.205.84:38624] script '/var/www/manoj/index.php' not found or unable to stat
[Sat May 01 20:11:24.567527 2021] [:error] [pid 21325] [client 103.237.103.222:52492] script '/var/www/manoj/index.php' not found or unable to stat
[Sat May 01 20:15:10.082647 2021] [:error] [pid 1690] [client 119.28.43.99:55052] script '/var/www/manoj/index.php' not found or unable to stat
[Sat May 01 22:38:14.888233 2021] [cgi:error] [pid 1688] [client 88.225.232.118:33232] script not found or unable to stat: /var/www/cgi-bin/mainfunction.cgi
[Sun May 02 03:12:02.040887 2021] [ssl:warn] [pid 20100] AH01909: RSA certificate configured for www.manojsathya.tech:443 does NOT include an ID which matches the server name
[Sun May 02 07:09:00.531375 2021] [:error] [pid 11630] [client 35.230.139.53:53828] script '/var/www/manoj/index.php' not found or unable to stat
[Sun May 02 07:23:07.991991 2021] [:error] [pid 11627] [client 138.201.83.171:49498] script '/var/www/manoj/wp-login.php' not found or unable to stat, referer: http://manojsathya.tech/wp-login.php
[Sun May 02 11:37:17.623273 2021] [:error] [pid 11807] [client 121.196.150.181:50432] script '/var/www/manoj/elrekt.php' not found or unable to stat
[Sun May 02 11:37:18.116734 2021] [:error] [pid 11630] [client 121.196.150.181:50492] script '/var/www/manoj/index.php' not found or unable to stat
[Sun May 02 12:05:16.455551 2021] [:error] [pid 11628] [client 45.155.205.84:58586] script '/var/www/manoj/index.php' not found or unable to stat
[Sun May 02 23:54:12.071457 2021] [cgi:error] [pid 11807] [client 74.102.39.43:51264] script not found or unable to stat: /var/www/cgi-bin/mainfunction.cgi
[Mon May 03 03:06:05.364618 2021] [:error] [pid 13055] [client 124.158.183.182:58772] script '/var/www/manoj/wp-login.php' not found or unable to stat, referer: http://manojsathya.tech/wp-login.php
[Mon May 03 12:06:48.852559 2021] [:error] [pid 11629] [client 199.166.209.209:63943] script '/var/www/manoj/index.php' not found or unable to stat
[Mon May 03 22:02:43.191643 2021] [:error] [pid 11631] [client 185.81.157.172:57944] script '/var/www/manoj/index.php' not found or unable to stat
[Tue May 04 00:01:17.454855 2021] [:error] [pid 18588] [client 45.155.205.181:47554] script '/var/www/manoj/index.php' not found or unable to stat
[Tue May 04 00:27:14.410173 2021] [:error] [pid 11750] [client 27.148.201.137:33774] script '/var/www/manoj/elrekt.php' not found or unable to stat
[Tue May 04 00:27:15.115413 2021] [:error] [pid 11630] [client 27.148.201.137:53186] script '/var/www/manoj/index.php' not found or unable to stat
[Tue May 04 09:30:07.078831 2021] [:error] [pid 11807] [client 103.237.103.222:53300] script '/var/www/manoj/index.php' not found or unable to stat
[Tue May 04 09:49:18.599137 2021] [:error] [pid 11630] [client 13.58.56.77:36598] script '/var/www/manoj/wp-login.php' not found or unable to stat
[Tue May 04 14:43:04.205013 2021] [:error] [pid 11627] [client 45.155.205.181:41546] script '/var/www/manoj/index.php' not found or unable to stat
[Tue May 04 16:01:38.656277 2021] [:error] [pid 11627] [client 158.101.190.102:25334] script '/var/www/manoj/wp-login.php' not found or unable to stat
[Tue May 04 17:07:40.844475 2021] [:error] [pid 11629] [client 174.138.30.233:55370] script '/var/www/manoj/wp-login.php' not found or unable to stat, referer: http://manojsathya.tech/wp-login.php
[Tue May 04 17:30:28.427902 2021] [:error] [pid 25364] [client 3.8.68.2:45277] script '/var/www/manoj/wp-login.php' not found or unable to stat
[Tue May 04 22:45:45.499583 2021] [:error] [pid 11630] [client 159.65.252.174:57824] script '/var/www/manoj/xmlrpc.php' not found or unable to stat
[Wed May 05 04:24:26.768201 2021] [:error] [pid 11627] [client 121.196.150.181:48438] script '/var/www/manoj/elrekt.php' not found or unable to stat
[Wed May 05 04:24:27.268709 2021] [:error] [pid 11630] [client 121.196.150.181:49068] script '/var/www/manoj/index.php' not found or unable to stat
[Wed May 05 08:53:07.953056 2021] [:error] [pid 11627] [client 45.155.205.181:51982] script '/var/www/manoj/index.php' not found or unable to stat
[Wed May 05 09:22:54.942811 2021] [:error] [pid 11630] [client 119.37.192.104:44812] script '/var/www/manoj/wp-login.php' not found or unable to stat
[Wed May 05 16:05:26.389996 2021] [:error] [pid 11631] [client 27.148.201.152:42810] script '/var/www/manoj/elrekt.php' not found or unable to stat
[Wed May 05 16:05:27.028800 2021] [:error] [pid 11628] [client 27.148.201.152:35508] script '/var/www/manoj/index.php' not found or unable to stat
[Wed May 05 19:12:48.284643 2021] [:error] [pid 15017] [client 138.121.170.141:51780] script '/var/www/manoj/wp-login.php' not found or unable to stat, referer: http://manojsathya.tech/wp-login.php
[Wed May 05 19:12:48.287144 2021] [:error] [pid 13055] [client 138.121.170.141:51778] script '/var/www/manoj/wp-login.php' not found or unable to stat, referer: http://manojsathya.tech/wp-login.php
[Thu May 06 01:20:26.923459 2021] [:error] [pid 15017] [client 188.166.88.45:37324] script '/var/www/manoj/system_api.php' not found or unable to stat
[Thu May 06 01:20:28.709648 2021] [:error] [pid 11630] [client 188.166.88.45:38450] script '/var/www/manoj/system_api.php' not found or unable to stat
[Thu May 06 02:00:56.670167 2021] [:error] [pid 25365] [client 45.155.205.181:49950] script '/var/www/manoj/index.php' not found or unable to stat
[Thu May 06 04:09:58.716771 2021] [:error] [pid 11630] [client 119.201.66.30:62595] script '/var/www/manoj/xmlrpc.php' not found or unable to stat
[Thu May 06 13:44:02.599422 2021] [:error] [pid 15017] [client 194.36.45.73:36362] script '/var/www/manoj/wp-login.php' not found or unable to stat, referer: http://manojsathya.tech/wp-login.php
[Thu May 06 21:11:53.833147 2021] [:error] [pid 13055] [client 45.155.205.181:56008] script '/var/www/manoj/index.php' not found or unable to stat
[Fri May 07 08:41:51.943233 2021] [:error] [pid 11631] [client 54.250.87.247:5342] script '/var/www/manoj/wp-login.php' not found or unable to stat
[Fri May 07 14:20:35.547047 2021] [:error] [pid 11627] [client 138.68.90.192:24086] script '/var/www/manoj/wp-login.php' not found or unable to stat, referer: http://manojsathya.tech/wp-login.php
[Fri May 07 14:28:58.646194 2021] [:error] [pid 15017] [client 94.180.250.158:35372] script '/var/www/manoj/elrekt.php' not found or unable to stat
[Fri May 07 14:28:59.005316 2021] [:error] [pid 11630] [client 94.180.250.158:36308] script '/var/www/manoj/index.php' not found or unable to stat
[Fri May 07 14:40:55.404489 2021] [:error] [pid 15017] [client 45.155.205.181:53610] script '/var/www/manoj/index.php' not found or unable to stat
[Fri May 07 15:23:35.301481 2021] [cgi:error] [pid 11629] [client 74.102.39.43:43043] script not found or unable to stat: /var/www/cgi-bin/mainfunction.cgi
[Fri May 07 21:25:41.424513 2021] [:error] [pid 13055] [client 13.66.9.58:1856] script '/var/www/manoj/xmlrpc.php' not found or unable to stat
[Sat May 08 05:44:27.992031 2021] [:error] [pid 11627] [client 167.99.70.115:39128] script '/var/www/manoj/wp-login.php' not found or unable to stat
[Sat May 08 10:25:20.901295 2021] [:error] [pid 15017] [client 45.155.205.181:44144] script '/var/www/manoj/index.php' not found or unable to stat
[Sat May 08 19:58:34.940874 2021] [:error] [pid 15017] [client 203.6.149.115:40476] script '/var/www/manoj/wp-login.php' not found or unable to stat, referer: http://manojsathya.tech/wp-login.php
[Sat May 08 23:09:02.157538 2021] [:error] [pid 11631] [client 167.99.138.171:37766] script '/var/www/manoj/wp-login.php' not found or unable to stat
[Sun May 09 03:17:02.049805 2021] [ssl:warn] [pid 20100] AH01909: RSA certificate configured for www.manojsathya.tech:443 does NOT include an ID which matches the server name
[Sun May 09 04:31:46.124118 2021] [:error] [pid 21152] [client 45.155.205.181:53730] script '/var/www/manoj/index.php' not found or unable to stat
[Sun May 09 13:18:31.196509 2021] [:error] [pid 21408] [client 188.166.250.201:51264] script '/var/www/manoj/index.php' not found or unable to stat
[Sun May 09 17:02:31.910759 2021] [:error] [pid 21154] [client 87.44.4.185:33182] script '/var/www/manoj/wp-login.php' not found or unable to stat
[Sun May 09 17:44:13.596800 2021] [:error] [pid 21153] [client 122.51.241.15:53194] script '/var/www/manoj/elrekt.php' not found or unable to stat
[Sun May 09 17:44:14.321218 2021] [:error] [pid 21152] [client 122.51.241.15:54436] script '/var/www/manoj/index.php' not found or unable to stat
[Sun May 09 19:35:16.248979 2021] [:error] [pid 21153] [client 178.128.169.213:44252] script '/var/www/manoj/wp-login.php' not found or unable to stat, referer: http://manojsathya.tech/wp-login.php
[Sun May 09 19:51:56.496836 2021] [:error] [pid 23463] [client 45.155.205.181:54150] script '/var/www/manoj/index.php' not found or unable to stat
[Mon May 10 01:32:14.118090 2021] [:error] [pid 23464] [client 121.5.113.11:51634] script '/var/www/manoj/elrekt.php' not found or unable to stat
[Mon May 10 06:45:07.895466 2021] [ssl:error] [pid 21153] [client 64.246.161.190:41264] AH02225: Re-negotiation request failed
[Mon May 10 06:45:07.895947 2021] [ssl:error] [pid 21153] SSL Library Error: error:14080152:SSL routines:ssl3_accept:unsafe legacy renegotiation disabled
[Mon May 10 09:59:13.912259 2021] [:error] [pid 25941] [client 172.105.124.78:56037] script '/var/www/manoj/xmlrpc.php' not found or unable to stat
[Mon May 10 12:25:26.429105 2021] [:error] [pid 25940] [client 18.231.94.162:11196] script '/var/www/manoj/wp-login.php' not found or unable to stat
[Mon May 10 14:59:22.727668 2021] [:error] [pid 25941] [client 45.155.205.181:50250] script '/var/www/manoj/index.php' not found or unable to stat
[Mon May 10 16:14:18.700932 2021] [:error] [pid 21154] [client 50.62.143.222:64537] script '/var/www/manoj/wp-login.php' not found or unable to stat, referer: http://manojsathya.tech/wp-login.php
[Mon May 10 20:12:41.006885 2021] [:error] [pid 21155] [client 157.245.243.14:55400] script '/var/www/manoj/wp-login.php' not found or unable to stat
[Mon May 10 20:12:41.273439 2021] [:error] [pid 23463] [client 157.245.243.14:55412] script '/var/www/manoj/wp-login.php' not found or unable to stat
[Tue May 11 01:41:12.564017 2021] [:error] [pid 21156] [client 5.188.210.227:31230] script '/var/www/manoj/echo.php' not found or unable to stat, referer: https://www.google.com/
[Tue May 11 11:14:34.773705 2021] [:error] [pid 21408] [client 45.155.205.181:41100] script '/var/www/manoj/index.php' not found or unable to stat
[Tue May 11 23:06:50.882833 2021] [:error] [pid 21156] [client 20.74.134.151:49159] script '/var/www/manoj/xmlrpc.php' not found or unable to stat
[Wed May 12 01:27:18.482043 2021] [:error] [pid 23460] [client 45.155.205.181:40316] script '/var/www/manoj/index.php' not found or unable to stat
[Wed May 19 13:14:47.429348 2021] [ssl:warn] [pid 8448] AH01909: RSA certificate configured for www.manojsathya.tech:443 does NOT include an ID which matches the server name
[Wed May 19 13:14:47.466075 2021] [ssl:warn] [pid 8448] AH01909: RSA certificate configured for www.manojsathya.tech:443 does NOT include an ID which matches the server name
[Wed May 19 13:16:28.506445 2021] [ssl:warn] [pid 8487] AH01909: RSA certificate configured for www.manojsathya.tech:443 does NOT include an ID which matches the server name
[Wed May 19 13:16:28.547177 2021] [ssl:warn] [pid 8487] AH01909: RSA certificate configured for www.manojsathya.tech:443 does NOT include an ID which matches the server name
[Wed May 19 13:19:53.285147 2021] [ssl:warn] [pid 8538] AH01909: RSA certificate configured for www.manojsathya.tech:443 does NOT include an ID which matches the server name
[Wed May 19 13:19:53.332581 2021] [ssl:warn] [pid 8538] AH01909: RSA certificate configured for www.manojsathya.tech:443 does NOT include an ID which matches the server name
[Wed May 19 13:53:38.411429 2021] [ssl:warn] [pid 9030] AH01909: RSA certificate configured for www.manojsathya.tech:443 does NOT include an ID which matches the server name
[Wed May 19 13:53:38.456106 2021] [ssl:warn] [pid 9030] AH01909: RSA certificate configured for www.manojsathya.tech:443 does NOT include an ID which matches the server name
[Wed May 19 18:09:06.171163 2021] [:error] [pid 9032] [client 159.89.183.168:34842] script '/var/www/manoj/wp-login.php' not found or unable to stat, referer: http://manojsathya.tech/wp-login.php
[Thu May 20 08:21:05.361989 2021] [:error] [pid 9048] [client 45.155.205.196:49826] script '/var/www/manoj/index.php' not found or unable to stat
[Thu May 20 08:50:41.106883 2021] [:error] [pid 9032] [client 18.229.73.207:18845] script '/var/www/manoj/wp-login.php' not found or unable to stat
[Thu May 20 19:25:00.614754 2021] [:error] [pid 9035] [client 173.212.219.223:36874] script '/var/www/manoj/wp-login.php' not found or unable to stat, referer: http://manojsathya.tech/wp-login.php
[Thu May 20 19:25:00.626668 2021] [:error] [pid 9048] [client 173.212.219.223:36876] script '/var/www/manoj/wp-login.php' not found or unable to stat, referer: http://manojsathya.tech/wp-login.php
[Fri May 21 03:38:22.353844 2021] [:error] [pid 9035] [client 45.146.164.131:41606] script '/var/www/manoj/index.php' not found or unable to stat
[Fri May 21 19:08:18.310475 2021] [:error] [pid 9032] [client 45.146.164.125:54496] script '/var/www/manoj/index.php' not found or unable to stat
[Sat May 22 01:50:47.001227 2021] [cgi:error] [pid 9035] [client 158.101.115.142:58698] script not found or unable to stat: /var/www/cgi-bin/kerbynet
[Sat May 22 01:50:47.456521 2021] [:error] [pid 9047] [client 158.101.115.142:58828] script '/var/www/manoj/nrdh.php' not found or unable to stat
[Sat May 22 06:12:57.026439 2021] [:error] [pid 9035] [client 192.241.174.114:54418] script '/var/www/manoj/wp-login.php' not found or unable to stat
[Sat May 22 09:58:55.201629 2021] [:error] [pid 9034] [client 45.146.164.125:49374] script '/var/www/manoj/index.php' not found or unable to stat
[Sat May 22 11:45:17.709984 2021] [:error] [pid 9039] [client 5.8.10.202:38738] script '/var/www/manoj/fgdfkgjhsf.php' not found or unable to stat
[Sat May 22 15:12:59.022479 2021] [:error] [pid 9034] [client 37.49.229.222:46776] script '/var/www/manoj/api.php' not found or unable to stat
[Sat May 22 16:41:27.558196 2021] [:error] [pid 9036] [client 51.159.56.165:42938] script '/var/www/manoj/wp-login.php' not found or unable to stat, referer: http://manojsathya.tech/wp-login.php
[Sat May 22 16:41:27.558584 2021] [:error] [pid 9035] [client 51.159.56.165:42936] script '/var/www/manoj/wp-login.php' not found or unable to stat, referer: http://manojsathya.tech/wp-login.php
