[Mon May 31 17:20:46.442621 2021] [:error] [pid 25620] [client 123.58.4.233:50998] script '/var/www/manoj/userr.php' not found or unable to stat
[Mon May 31 17:20:46.817132 2021] [:error] [pid 25620] [client 123.58.4.233:50998] script '/var/www/manoj/ysy.php' not found or unable to stat
[Mon May 31 17:20:47.269415 2021] [:error] [pid 25620] [client 123.58.4.233:50998] script '/var/www/manoj/3.php' not found or unable to stat
[Mon May 31 17:20:48.772490 2021] [:error] [pid 25620] [client 123.58.4.233:50998] script '/var/www/manoj/zxc.php' not found or unable to stat
[Mon May 31 17:20:49.635302 2021] [:error] [pid 25620] [client 123.58.4.233:50998] script '/var/www/manoj/Hzllaga.php' not found or unable to stat
[Mon May 31 17:20:49.878200 2021] [:error] [pid 25620] [client 123.58.4.233:50998] script '/var/www/manoj/inc.php' not found or unable to stat
[Mon May 31 17:20:52.400259 2021] [:error] [pid 25620] [client 123.58.4.233:50998] script '/var/www/manoj/webconfig.php' not found or unable to stat
[Mon May 31 17:20:53.747497 2021] [:error] [pid 25620] [client 123.58.4.233:50998] script '/var/www/manoj/code.php' not found or unable to stat
[Mon May 31 17:20:54.693444 2021] [:error] [pid 25620] [client 123.58.4.233:50998] script '/var/www/manoj/temtel.php' not found or unable to stat
[Mon May 31 17:20:56.892901 2021] [:error] [pid 25620] [client 123.58.4.233:50998] script '/var/www/manoj/data.php' not found or unable to stat
[Mon May 31 17:20:57.266217 2021] [:error] [pid 25620] [client 123.58.4.233:50998] script '/var/www/manoj/fuck.php' not found or unable to stat
[Mon May 31 17:20:57.619232 2021] [:error] [pid 25620] [client 123.58.4.233:50998] script '/var/www/manoj/.config.php' not found or unable to stat
[Mon May 31 17:20:58.499840 2021] [:error] [pid 25620] [client 123.58.4.233:50998] script '/var/www/manoj/test.php' not found or unable to stat
[Mon May 31 17:20:58.736224 2021] [:error] [pid 25620] [client 123.58.4.233:50998] script '/var/www/manoj/cron.php' not found or unable to stat
[Mon May 31 17:20:59.036392 2021] [:error] [pid 25620] [client 123.58.4.233:50998] script '/var/www/manoj/v.php' not found or unable to stat
[Mon May 31 17:21:00.886436 2021] [:error] [pid 25620] [client 123.58.4.233:50998] script '/var/www/manoj/vulnspy.php' not found or unable to stat
[Mon May 31 17:21:01.170206 2021] [:error] [pid 25620] [client 123.58.4.233:50998] script '/var/www/manoj/jsc.php' not found or unable to stat
[Mon May 31 17:21:01.404001 2021] [:error] [pid 25620] [client 123.58.4.233:50998] script '/var/www/manoj/soga.php' not found or unable to stat
[Mon May 31 17:21:01.660833 2021] [:error] [pid 25620] [client 123.58.4.233:50998] script '/var/www/manoj/in.php' not found or unable to stat
[Mon May 31 17:21:01.883974 2021] [:error] [pid 25620] [client 123.58.4.233:50998] script '/var/www/manoj/zxc1.php' not found or unable to stat
[Mon May 31 17:21:02.650548 2021] [:error] [pid 25620] [client 123.58.4.233:50998] script '/var/www/manoj/zxc0.php' not found or unable to stat
[Mon May 31 17:21:04.387683 2021] [:error] [pid 25620] [client 123.58.4.233:50998] script '/var/www/manoj/zxc1.php' not found or unable to stat
[Mon May 31 17:21:04.828474 2021] [:error] [pid 25620] [client 123.58.4.233:50998] script '/var/www/manoj/zxc2.php' not found or unable to stat
[Mon May 31 17:21:05.646149 2021] [:error] [pid 25620] [client 123.58.4.233:50998] script '/var/www/manoj/indexa.php' not found or unable to stat
[Mon May 31 17:21:06.502611 2021] [:error] [pid 25620] [client 123.58.4.233:50998] script '/var/www/manoj/lx.php' not found or unable to stat
[Mon May 31 17:21:07.087619 2021] [:error] [pid 25620] [client 123.58.4.233:50998] script '/var/www/manoj/cn.php' not found or unable to stat
[Mon May 31 17:21:08.359340 2021] [:error] [pid 25620] [client 123.58.4.233:50998] script '/var/www/manoj/api.php' not found or unable to stat
[Mon May 31 17:21:09.516224 2021] [:error] [pid 25620] [client 123.58.4.233:50998] script '/var/www/manoj/index1.php' not found or unable to stat
[Mon May 31 17:21:09.749406 2021] [:error] [pid 25620] [client 123.58.4.233:50998] script '/var/www/manoj/info.php' not found or unable to stat
[Mon May 31 17:21:10.060509 2021] [:error] [pid 25620] [client 123.58.4.233:50998] script '/var/www/manoj/info1.php' not found or unable to stat
[Mon May 31 17:21:10.449224 2021] [:error] [pid 25620] [client 123.58.4.233:50998] script '/var/www/manoj/aaaaaa1.php' not found or unable to stat
[Mon May 31 17:21:11.416586 2021] [:error] [pid 25620] [client 123.58.4.233:50998] script '/var/www/manoj/up.php' not found or unable to stat
[Mon May 31 17:21:12.569691 2021] [:error] [pid 25620] [client 123.58.4.233:50998] script '/var/www/manoj/test123.php' not found or unable to stat
[Mon May 31 17:21:13.679438 2021] [:error] [pid 25620] [client 123.58.4.233:50998] script '/var/www/manoj/test123.php' not found or unable to stat
[Mon May 31 17:21:13.980959 2021] [:error] [pid 25620] [client 123.58.4.233:50998] script '/var/www/manoj/fb.php' not found or unable to stat
[Mon May 31 17:21:14.910855 2021] [:error] [pid 25620] [client 123.58.4.233:50998] script '/var/www/manoj/paylog.php' not found or unable to stat
[Mon May 31 17:21:15.133705 2021] [:error] [pid 25620] [client 123.58.4.233:50998] script '/var/www/manoj/paylog.php' not found or unable to stat
[Mon May 31 17:21:15.367530 2021] [:error] [pid 25620] [client 123.58.4.233:50998] script '/var/www/manoj/x.php' not found or unable to stat
[Mon May 31 17:21:15.597069 2021] [:error] [pid 25620] [client 123.58.4.233:50998] script '/var/www/manoj/cnm.php' not found or unable to stat
[Mon May 31 17:21:15.820058 2021] [:error] [pid 25620] [client 123.58.4.233:50998] script '/var/www/manoj/test404.php' not found or unable to stat
[Mon May 31 17:21:16.051039 2021] [:error] [pid 25620] [client 123.58.4.233:50998] script '/var/www/manoj/test.php' not found or unable to stat
[Mon May 31 17:21:17.643741 2021] [:error] [pid 25620] [client 123.58.4.233:50998] script '/var/www/manoj/phpinf0.php' not found or unable to stat
[Mon May 31 17:21:17.913184 2021] [:error] [pid 25620] [client 123.58.4.233:50998] script '/var/www/manoj/1ndex.php' not found or unable to stat
[Mon May 31 17:21:18.904340 2021] [:error] [pid 25620] [client 123.58.4.233:50998] script '/var/www/manoj/autoloader.php' not found or unable to stat
[Mon May 31 17:21:19.137765 2021] [:error] [pid 25620] [client 123.58.4.233:50998] script '/var/www/manoj/class1.php' not found or unable to stat
[Mon May 31 17:21:20.011895 2021] [:error] [pid 25620] [client 123.58.4.233:50998] script '/var/www/manoj/test404.php' not found or unable to stat
[Mon May 31 17:21:21.653831 2021] [:error] [pid 25620] [client 123.58.4.233:50998] script '/var/www/manoj/shi.php' not found or unable to stat
[Mon May 31 17:21:21.891835 2021] [:error] [pid 25620] [client 123.58.4.233:50998] script '/var/www/manoj/think.php' not found or unable to stat
[Mon May 31 17:21:22.289031 2021] [:error] [pid 25620] [client 123.58.4.233:50998] script '/var/www/manoj/back.php' not found or unable to stat
[Mon May 31 17:21:23.116296 2021] [:error] [pid 25620] [client 123.58.4.233:50998] script '/var/www/manoj/DJ.php' not found or unable to stat
[Mon May 31 17:21:23.603339 2021] [:error] [pid 24077] [client 123.58.4.233:60297] script '/var/www/manoj/.git.php' not found or unable to stat
[Mon May 31 17:21:24.614062 2021] [:error] [pid 24077] [client 123.58.4.233:60297] script '/var/www/manoj/shipu.php' not found or unable to stat
[Mon May 31 17:21:24.841231 2021] [:error] [pid 24077] [client 123.58.4.233:60297] script '/var/www/manoj/fantao.php' not found or unable to stat
[Mon May 31 17:21:25.062089 2021] [:error] [pid 24077] [client 123.58.4.233:60297] script '/var/www/manoj/config.php' not found or unable to stat
[Mon May 31 17:21:25.492685 2021] [:error] [pid 24077] [client 123.58.4.233:60297] script '/var/www/manoj/config.php' not found or unable to stat
[Mon May 31 17:21:25.711325 2021] [:error] [pid 24077] [client 123.58.4.233:60297] script '/var/www/manoj/Config_Shell.php' not found or unable to stat
[Mon May 31 17:21:25.960885 2021] [:error] [pid 24077] [client 123.58.4.233:60297] script '/var/www/manoj/fdgq.php' not found or unable to stat
[Mon May 31 17:21:26.177755 2021] [:error] [pid 24077] [client 123.58.4.233:60297] script '/var/www/manoj/spread.php' not found or unable to stat
[Mon May 31 17:21:26.394663 2021] [:error] [pid 24077] [client 123.58.4.233:60297] script '/var/www/manoj/1222.php' not found or unable to stat
[Mon May 31 17:21:26.614843 2021] [:error] [pid 24077] [client 123.58.4.233:60297] script '/var/www/manoj/spre.php' not found or unable to stat
[Mon May 31 17:21:27.406275 2021] [:error] [pid 24077] [client 123.58.4.233:60297] script '/var/www/manoj/infosys.php' not found or unable to stat
[Mon May 31 17:21:27.637217 2021] [:error] [pid 24077] [client 123.58.4.233:60297] script '/var/www/manoj/1ndex.php' not found or unable to stat
[Mon May 31 17:21:27.921848 2021] [:error] [pid 24077] [client 123.58.4.233:60297] script '/var/www/manoj/info.php' not found or unable to stat
[Mon May 31 17:21:28.741210 2021] [:error] [pid 24077] [client 123.58.4.233:60297] script '/var/www/manoj/51.php' not found or unable to stat
[Mon May 31 17:21:28.973510 2021] [:error] [pid 24077] [client 123.58.4.233:60297] script '/var/www/manoj/cadre.php' not found or unable to stat
[Mon May 31 17:21:29.200388 2021] [:error] [pid 24077] [client 123.58.4.233:60297] script '/var/www/manoj/mm.php' not found or unable to stat
[Mon May 31 17:21:29.417382 2021] [:error] [pid 24077] [client 123.58.4.233:60297] script '/var/www/manoj/test.php' not found or unable to stat
[Mon May 31 17:21:29.679497 2021] [:error] [pid 24077] [client 123.58.4.233:60297] script '/var/www/manoj/1q.php' not found or unable to stat
[Mon May 31 17:21:29.940694 2021] [:error] [pid 24077] [client 123.58.4.233:60297] script '/var/www/manoj/1111.php' not found or unable to stat
[Mon May 31 17:21:31.080457 2021] [:error] [pid 24077] [client 123.58.4.233:60297] script '/var/www/manoj/errors.php' not found or unable to stat
[Mon May 31 17:21:31.515517 2021] [:error] [pid 24077] [client 123.58.4.233:60297] script '/var/www/manoj/q.php' not found or unable to stat
[Mon May 31 17:21:33.704393 2021] [:error] [pid 24077] [client 123.58.4.233:60297] script '/var/www/manoj/lanyecn.php' not found or unable to stat
[Mon May 31 17:21:33.929270 2021] [:error] [pid 24077] [client 123.58.4.233:60297] script '/var/www/manoj/lanyecn.php' not found or unable to stat
[Mon May 31 17:21:35.908463 2021] [:error] [pid 24077] [client 123.58.4.233:60297] script '/var/www/manoj/mybestloves.php' not found or unable to stat
[Mon May 31 17:21:37.536029 2021] [:error] [pid 24077] [client 123.58.4.233:60297] script '/var/www/manoj/xiaoxi.php' not found or unable to stat
[Mon May 31 17:21:37.775025 2021] [:error] [pid 24077] [client 123.58.4.233:60297] script '/var/www/manoj/xiaoxi.php' not found or unable to stat
[Mon May 31 17:21:38.081129 2021] [:error] [pid 24077] [client 123.58.4.233:60297] script '/var/www/manoj/ww.php' not found or unable to stat
[Mon May 31 17:21:38.444827 2021] [:error] [pid 24077] [client 123.58.4.233:60297] script '/var/www/manoj/pop.php' not found or unable to stat
[Mon May 31 17:21:38.768034 2021] [:error] [pid 24077] [client 123.58.4.233:60297] script '/var/www/manoj/ok.php' not found or unable to stat
[Mon May 31 17:21:39.080354 2021] [:error] [pid 24077] [client 123.58.4.233:60297] script '/var/www/manoj/test.php' not found or unable to stat
[Mon May 31 17:21:39.328944 2021] [:error] [pid 24077] [client 123.58.4.233:60297] script '/var/www/manoj/conf.php' not found or unable to stat
[Mon May 31 17:21:39.556383 2021] [:error] [pid 24077] [client 123.58.4.233:60297] script '/var/www/manoj/dashu.php' not found or unable to stat
[Mon May 31 17:21:39.777327 2021] [:error] [pid 24077] [client 123.58.4.233:60297] script '/var/www/manoj/shell.php' not found or unable to stat
[Mon May 31 17:21:40.713117 2021] [:error] [pid 24077] [client 123.58.4.233:60297] script '/var/www/manoj/queqiao.php' not found or unable to stat
[Mon May 31 17:21:41.684627 2021] [:error] [pid 24077] [client 123.58.4.233:60297] script '/var/www/manoj/12345.php' not found or unable to stat
[Mon May 31 17:21:42.617109 2021] [:error] [pid 24077] [client 123.58.4.233:60297] script '/var/www/manoj/qqq.php' not found or unable to stat
[Mon May 31 17:21:42.919689 2021] [:error] [pid 24077] [client 123.58.4.233:60297] script '/var/www/manoj/15.php' not found or unable to stat
[Mon May 31 17:21:43.140790 2021] [:error] [pid 24077] [client 123.58.4.233:60297] script '/var/www/manoj/slider.php' not found or unable to stat
[Mon May 31 17:21:43.357546 2021] [:error] [pid 24077] [client 123.58.4.233:60297] script '/var/www/manoj/qunhuang.php' not found or unable to stat
[Mon May 31 17:21:43.584577 2021] [:error] [pid 24077] [client 123.58.4.233:60297] script '/var/www/manoj/hannan.php' not found or unable to stat
[Mon May 31 17:21:43.806887 2021] [:error] [pid 24077] [client 123.58.4.233:60297] script '/var/www/manoj/confie.php' not found or unable to stat
[Mon May 31 17:21:44.885788 2021] [:error] [pid 24077] [client 123.58.4.233:60297] script '/var/www/manoj/igo.php' not found or unable to stat
[Mon May 31 17:21:45.163969 2021] [:error] [pid 24077] [client 123.58.4.233:60297] script '/var/www/manoj/code.php' not found or unable to stat
[Mon May 31 17:21:45.634926 2021] [:error] [pid 24077] [client 123.58.4.233:60297] script '/var/www/manoj/ss.php' not found or unable to stat
[Mon May 31 17:21:46.516141 2021] [:error] [pid 24077] [client 123.58.4.233:60297] script '/var/www/manoj/php.php' not found or unable to stat
[Mon May 31 17:21:46.786241 2021] [:error] [pid 24077] [client 123.58.4.233:60297] script '/var/www/manoj/about.php' not found or unable to stat
[Mon May 31 17:21:47.006803 2021] [:error] [pid 24077] [client 123.58.4.233:60297] script '/var/www/manoj/incs.php' not found or unable to stat
[Mon May 31 17:21:47.223732 2021] [:error] [pid 24077] [client 123.58.4.233:60297] script '/var/www/manoj/159.php' not found or unable to stat
[Mon May 31 17:21:47.485821 2021] [:error] [pid 24077] [client 123.58.4.233:60297] script '/var/www/manoj/test.php' not found or unable to stat
[Mon May 31 17:21:47.763227 2021] [:error] [pid 24077] [client 123.58.4.233:60297] script '/var/www/manoj/test1.php' not found or unable to stat
[Mon May 31 17:21:49.480823 2021] [:error] [pid 24077] [client 123.58.4.233:60297] script '/var/www/manoj/webconfig.txt.php' not found or unable to stat
[Mon May 31 17:21:50.603190 2021] [:error] [pid 24077] [client 123.58.4.233:60297] script '/var/www/manoj/api.php' not found or unable to stat
[Mon May 31 17:21:50.848639 2021] [:error] [pid 24077] [client 123.58.4.233:60297] script '/var/www/manoj/luso.php' not found or unable to stat
[Mon May 31 17:21:51.092831 2021] [:error] [pid 24077] [client 123.58.4.233:60297] script '/var/www/manoj/1ndex.php' not found or unable to stat
[Mon May 31 17:21:51.359856 2021] [:error] [pid 24077] [client 123.58.4.233:60297] script '/var/www/manoj/indexbak.php' not found or unable to stat
[Mon May 31 17:21:51.587840 2021] [:error] [pid 24077] [client 123.58.4.233:60297] script '/var/www/manoj/4o4.php' not found or unable to stat
[Mon May 31 17:21:52.413103 2021] [:error] [pid 24077] [client 123.58.4.233:60297] script '/var/www/manoj/xmlrpc.php' not found or unable to stat
[Mon May 31 17:22:25.811286 2021] [:error] [pid 25059] [client 123.58.4.233:3939] script '/var/www/manoj/dong.php' not found or unable to stat
[Mon May 31 17:22:28.510020 2021] [:error] [pid 25059] [client 123.58.4.233:3939] script '/var/www/manoj/xun.php' not found or unable to stat
[Mon May 31 17:22:34.500280 2021] [:error] [pid 25059] [client 123.58.4.233:3939] script '/var/www/manoj/datas.php' not found or unable to stat
[Mon May 31 17:22:34.802365 2021] [:error] [pid 25059] [client 123.58.4.233:3939] script '/var/www/manoj/aojiao.php' not found or unable to stat
[Mon May 31 17:22:35.029892 2021] [:error] [pid 25059] [client 123.58.4.233:3939] script '/var/www/manoj/guipu.php' not found or unable to stat
[Mon May 31 17:22:35.257493 2021] [:error] [pid 25059] [client 123.58.4.233:3939] script '/var/www/manoj/zhui.php' not found or unable to stat
[Mon May 31 17:22:36.681819 2021] [:error] [pid 25059] [client 123.58.4.233:3939] script '/var/www/manoj/ji.php' not found or unable to stat
[Mon May 31 17:22:37.648762 2021] [:error] [pid 25059] [client 123.58.4.233:3939] script '/var/www/manoj/xing.php' not found or unable to stat
[Mon May 31 17:22:42.091117 2021] [:error] [pid 25059] [client 123.58.4.233:3939] script '/var/www/manoj/c.php' not found or unable to stat
[Mon May 31 17:22:42.329142 2021] [:error] [pid 25059] [client 123.58.4.233:3939] script '/var/www/manoj/c.php' not found or unable to stat
[Mon May 31 17:22:42.547960 2021] [:error] [pid 25059] [client 123.58.4.233:3939] script '/var/www/manoj/test.php' not found or unable to stat
[Mon May 31 17:22:42.810456 2021] [:error] [pid 25059] [client 123.58.4.233:3939] script '/var/www/manoj/laobiao.php' not found or unable to stat
[Mon May 31 17:22:43.046877 2021] [:error] [pid 25059] [client 123.58.4.233:3939] script '/var/www/manoj/sample.php' not found or unable to stat
[Mon May 31 17:22:45.295665 2021] [:error] [pid 25059] [client 123.58.4.233:3939] script '/var/www/manoj/shell.php' not found or unable to stat
[Mon May 31 17:22:45.736812 2021] [:error] [pid 25059] [client 123.58.4.233:3939] script '/var/www/manoj/12.php' not found or unable to stat
[Mon May 31 17:22:45.955738 2021] [:error] [pid 25059] [client 123.58.4.233:3939] script '/var/www/manoj/ecmsmod.php' not found or unable to stat
[Mon May 31 17:22:49.940098 2021] [:error] [pid 25059] [client 123.58.4.233:3939] script '/var/www/manoj/index.php' not found or unable to stat
[Mon May 31 17:22:51.297032 2021] [:error] [pid 25059] [client 123.58.4.233:3939] script '/var/www/manoj/user.php' not found or unable to stat, referer: 554fcae493e564ee0dc75bdf2ebf94caads|a:3:{s:2:"id";s:3:"'/*";s:3:"num";s:141:"*/ union select 1,0x272F2A,3,4,5,6,7,8,0x7b247b24524345275d3b6469652f2a2a2f286d6435284449524543544f52595f534550415241544f5229293b2f2f7d7d,0--";s:4:"name";s:3:"ads";}554fcae493e564ee0dc75bdf2ebf94ca
[Mon May 31 17:22:52.904041 2021] [:error] [pid 25059] [client 123.58.4.233:3939] script '/var/www/manoj/index.php' not found or unable to stat
[Mon May 31 20:26:33.240621 2021] [:error] [pid 24076] [client 187.76.237.40:10406] script '/var/www/manoj/wp-login.php' not found or unable to stat
[Tue Jun 01 01:23:09.146690 2021] [:error] [pid 24078] [client 45.146.164.125:54604] script '/var/www/manoj/index.php' not found or unable to stat
[Tue Jun 01 06:44:29.587223 2021] [ssl:warn] [pid 8025] AH01909: RSA certificate configured for www.manojsathya.tech:443 does NOT include an ID which matches the server name
[Tue Jun 01 06:44:29.661983 2021] [ssl:warn] [pid 8025] AH01909: RSA certificate configured for www.manojsathya.tech:443 does NOT include an ID which matches the server name
[Tue Jun 01 08:22:59.976933 2021] [:error] [pid 8032] [client 13.209.28.104:45645] script '/var/www/manoj/wp-login.php' not found or unable to stat
[Tue Jun 01 11:59:12.931485 2021] [:error] [pid 8038] [client 194.127.178.85:62695] script '/var/www/manoj/xmlrpc.php' not found or unable to stat
[Tue Jun 01 18:11:39.721288 2021] [:error] [pid 8032] [client 198.251.70.146:52784] script '/var/www/manoj/wp-login.php' not found or unable to stat, referer: http://manojsathya.tech/wp-login.php
[Tue Jun 01 18:11:39.805895 2021] [:error] [pid 9375] [client 198.251.70.146:52782] script '/var/www/manoj/wp-login.php' not found or unable to stat, referer: http://manojsathya.tech/wp-login.php
[Tue Jun 01 18:46:22.626577 2021] [:error] [pid 8028] [client 45.146.164.125:42924] script '/var/www/manoj/index.php' not found or unable to stat
[Tue Jun 01 22:22:40.560225 2021] [:error] [pid 8038] [client 194.127.178.85:50875] script '/var/www/manoj/xmlrpc.php' not found or unable to stat
[Wed Jun 02 04:01:17.090092 2021] [:error] [pid 8032] [client 220.202.12.149:58444] script '/var/www/manoj/elrekt.php' not found or unable to stat
[Wed Jun 02 04:01:17.485760 2021] [:error] [pid 8038] [client 220.202.12.149:43620] script '/var/www/manoj/index.php' not found or unable to stat
[Wed Jun 02 05:22:07.167509 2021] [:error] [pid 9375] [client 139.219.197.114:34436] script '/var/www/manoj/elrekt.php' not found or unable to stat
[Wed Jun 02 05:22:07.658422 2021] [:error] [pid 8036] [client 139.219.197.114:38398] script '/var/www/manoj/index.php' not found or unable to stat
[Wed Jun 02 08:44:35.134559 2021] [:error] [pid 8032] [client 137.59.50.226:45244] script '/var/www/manoj/wp-login.php' not found or unable to stat
[Wed Jun 02 09:34:22.463236 2021] [:error] [pid 13004] [client 194.127.178.85:58119] script '/var/www/manoj/xmlrpc.php' not found or unable to stat
[Wed Jun 02 13:04:37.097984 2021] [:error] [pid 9375] [client 45.146.164.125:54776] script '/var/www/manoj/index.php' not found or unable to stat
[Wed Jun 02 18:11:29.526235 2021] [:error] [pid 9374] [client 209.145.59.137:42788] script '/var/www/manoj/wp-login.php' not found or unable to stat, referer: http://manojsathya.tech/wp-login.php
[Wed Jun 02 19:55:54.581617 2021] [:error] [pid 14734] [client 123.58.209.89:58852] script '/var/www/manoj/kefu.php' not found or unable to stat
[Wed Jun 02 19:56:19.032474 2021] [:error] [pid 14739] [client 123.58.209.89:34380] script '/var/www/manoj/leftDao.php' not found or unable to stat
[Wed Jun 02 19:56:38.223986 2021] [:error] [pid 14742] [client 123.58.209.89:36800] script '/var/www/manoj/check.php' not found or unable to stat
[Wed Jun 02 19:56:44.873319 2021] [:error] [pid 8028] [client 123.58.209.89:47148] script '/var/www/manoj/index.php' not found or unable to stat
[Wed Jun 02 19:56:45.332878 2021] [:error] [pid 8028] [client 123.58.209.89:47148] script '/var/www/manoj/index.php' not found or unable to stat
[Thu Jun 03 08:35:03.275866 2021] [:error] [pid 14748] [client 45.146.164.125:46098] script '/var/www/manoj/index.php' not found or unable to stat
[Thu Jun 03 14:05:33.384645 2021] [:error] [pid 14748] [client 93.113.111.153:44732] script '/var/www/manoj/wp-login.php' not found or unable to stat, referer: http://manojsathya.tech/wp-login.php
[Thu Jun 03 21:33:14.027090 2021] [:error] [pid 13004] [client 42.192.184.76:33642] script '/var/www/manoj/elrekt.php' not found or unable to stat
[Thu Jun 03 22:38:29.641952 2021] [:error] [pid 14748] [client 165.232.158.192:50982] script '/var/www/manoj/system_api.php' not found or unable to stat
[Thu Jun 03 22:38:32.972038 2021] [:error] [pid 14744] [client 165.232.158.192:52762] script '/var/www/manoj/system_api.php' not found or unable to stat
[Fri Jun 04 01:52:03.527878 2021] [:error] [pid 13658] [client 45.146.164.125:55244] script '/var/www/manoj/index.php' not found or unable to stat
[Fri Jun 04 18:23:39.133928 2021] [:error] [pid 14736] [client 34.64.218.102:44728] script '/var/www/manoj/wp-login.php' not found or unable to stat, referer: http://manojsathya.tech/wp-login.php
[Fri Jun 04 18:23:39.134290 2021] [:error] [pid 14744] [client 34.64.218.102:44734] script '/var/www/manoj/wp-login.php' not found or unable to stat, referer: http://manojsathya.tech/wp-login.php
[Fri Jun 04 18:23:39.137947 2021] [:error] [pid 13658] [client 34.64.218.102:44732] script '/var/www/manoj/wp-login.php' not found or unable to stat, referer: http://manojsathya.tech/wp-login.php
[Fri Jun 04 18:23:39.141901 2021] [:error] [pid 8038] [client 34.64.218.102:44730] script '/var/www/manoj/wp-login.php' not found or unable to stat, referer: http://manojsathya.tech/wp-login.php
[Fri Jun 04 18:23:39.179507 2021] [:error] [pid 13004] [client 34.64.218.102:44746] script '/var/www/manoj/wp-login.php' not found or unable to stat, referer: http://manojsathya.tech/wp-login.php
[Fri Jun 04 23:56:11.442257 2021] [:error] [pid 14736] [client 45.146.164.125:51942] script '/var/www/manoj/index.php' not found or unable to stat
[Sat Jun 05 01:05:51.231844 2021] [:error] [pid 15546] [client 139.59.235.223:50076] script '/var/www/manoj/xmlrpc.php' not found or unable to stat
[Sat Jun 05 03:30:57.098779 2021] [:error] [pid 13004] [client 156.146.56.109:21691] script '/var/www/manoj/xmlrpc.php' not found or unable to stat
[Sat Jun 05 14:54:32.151966 2021] [:error] [pid 15545] [client 45.146.164.125:57888] script '/var/www/manoj/index.php' not found or unable to stat
[Sat Jun 05 20:09:39.220677 2021] [:error] [pid 13004] [client 34.230.156.67:13483] script '/var/www/manoj/wp-login.php' not found or unable to stat
[Sun Jun 06 03:24:01.653292 2021] [ssl:warn] [pid 8025] AH01909: RSA certificate configured for www.manojsathya.tech:443 does NOT include an ID which matches the server name
[Sun Jun 06 05:10:14.908052 2021] [:error] [pid 31676] [client 103.107.198.234:56806] script '/var/www/manoj/xmlrpc.php' not found or unable to stat
[Sun Jun 06 08:42:04.919013 2021] [:error] [pid 31678] [client 45.146.164.125:39248] script '/var/www/manoj/index.php' not found or unable to stat
[Sun Jun 06 17:52:30.549256 2021] [:error] [pid 31676] [client 155.133.138.66:56807] script '/var/www/manoj/wp-login.php' not found or unable to stat, referer: http://manojsathya.tech/wp-login.php
[Mon Jun 07 00:38:26.680885 2021] [:error] [pid 1913] [client 45.146.164.125:37016] script '/var/www/manoj/index.php' not found or unable to stat
[Mon Jun 07 18:50:20.243478 2021] [:error] [pid 1911] [client 222.77.181.28:64326] script '/var/www/manoj/elrekt.php' not found or unable to stat
[Mon Jun 07 18:50:21.044687 2021] [:error] [pid 31677] [client 222.77.181.28:21962] script '/var/www/manoj/index.php' not found or unable to stat
[Mon Jun 07 19:04:40.856777 2021] [:error] [pid 31678] [client 45.146.164.125:35798] script '/var/www/manoj/index.php' not found or unable to stat
[Mon Jun 07 19:42:36.889820 2021] [:error] [pid 31676] [client 66.115.165.77:58810] script '/var/www/manoj/xmlrpc.php' not found or unable to stat
[Tue Jun 08 01:47:55.918850 2021] [:error] [pid 1911] [client 43.128.67.184:60885] script '/var/www/manoj/index.php' not found or unable to stat
[Tue Jun 08 10:33:46.079708 2021] [:error] [pid 31676] [client 45.146.164.125:35862] script '/var/www/manoj/index.php' not found or unable to stat
[Tue Jun 08 14:08:05.426526 2021] [:error] [pid 31677] [client 3.8.12.221:56199] script '/var/www/manoj/wp-login.php' not found or unable to stat
[Tue Jun 08 14:33:05.917409 2021] [:error] [pid 31674] [client 45.129.137.249:57622] script '/var/www/manoj/shl.php' not found or unable to stat, referer: http://manojsathya.tech/shl.php
[Tue Jun 08 14:33:11.820977 2021] [:error] [pid 1911] [client 45.129.137.249:42404] script '/var/www/manoj/dumper.php' not found or unable to stat, referer: http://manojsathya.tech/dumper.php
[Tue Jun 08 18:02:04.896741 2021] [:error] [pid 31677] [client 37.97.152.141:57726] script '/var/www/manoj/wp-login.php' not found or unable to stat, referer: http://manojsathya.tech/wp-login.php
[Tue Jun 08 18:02:05.392147 2021] [:error] [pid 1912] [client 37.97.152.141:57724] script '/var/www/manoj/wp-login.php' not found or unable to stat, referer: http://manojsathya.tech/wp-login.php
[Wed Jun 09 03:35:49.330423 2021] [:error] [pid 31674] [client 45.146.165.123:33336] script '/var/www/manoj/index.php' not found or unable to stat
[Wed Jun 09 08:18:46.841847 2021] [:error] [pid 19256] [client 18.229.73.207:61335] script '/var/www/manoj/wp-login.php' not found or unable to stat
[Wed Jun 09 12:46:01.017651 2021] [:error] [pid 31675] [client 64.227.123.91:38112] script '/var/www/manoj/index.php' not found or unable to stat
[Wed Jun 09 13:35:06.740204 2021] [:error] [pid 31674] [client 5.188.210.227:32011] script '/var/www/manoj/echo.php' not found or unable to stat, referer: https://www.google.com/
[Wed Jun 09 16:09:55.591972 2021] [:error] [pid 31677] [client 198.27.69.82:53536] script '/var/www/manoj/wp-login.php' not found or unable to stat, referer: http://manojsathya.tech/wp-login.php
[Wed Jun 09 20:55:01.548624 2021] [:error] [pid 21170] [client 45.146.165.123:40748] script '/var/www/manoj/index.php' not found or unable to stat
[Thu Jun 10 05:51:05.598625 2021] [core:error] [pid 19235] (36)File name too long: [client 178.62.246.23:46470] AH00036: access to /3000D00E0000FFFF3F0031313744373731343634304537353046007A7A7A7A7A7A7A7A7A7A7A7A7A7A7A0000000000000000000000000000000000000000000000000000000000000000000000000000000000000000000001000008047A7A7A7A7A7A7A7A7A0000000000000000000000000000000000000000000000000000000000000000 failed (filesystem path '/var/www/manoj/3000D00E0000FFFF3F0031313744373731343634304537353046007A7A7A7A7A7A7A7A7A7A7A7A7A7A7A0000000000000000000000000000000000000000000000000000000000000000000000000000000000000000000001000008047A7A7A7A7A7A7A7A7A0000000000000000000000000000000000000000000000000000000000000000')
[Thu Jun 10 13:38:51.609112 2021] [:error] [pid 31715] [client 45.146.165.123:39838] script '/var/www/manoj/index.php' not found or unable to stat
[Thu Jun 10 18:47:19.376525 2021] [:error] [pid 31678] [client 124.158.183.182:36184] script '/var/www/manoj/wp-login.php' not found or unable to stat, referer: http://manojsathya.tech/wp-login.php
[Thu Jun 10 19:55:35.777560 2021] [:error] [pid 19256] [client 114.33.19.90:43015] script '/var/www/manoj/wp-login.php' not found or unable to stat, referer: http://manojsathya.tech/wp-login.php
[Thu Jun 10 21:54:30.485228 2021] [:error] [pid 31676] [client 165.22.228.64:49728] script '/var/www/manoj/system_api.php' not found or unable to stat
[Thu Jun 10 21:54:33.407084 2021] [:error] [pid 31715] [client 165.22.228.64:51756] script '/var/www/manoj/system_api.php' not found or unable to stat
[Thu Jun 10 23:31:11.474492 2021] [:error] [pid 31678] [client 167.71.180.20:53950] script '/var/www/manoj/system_api.php' not found or unable to stat
[Fri Jun 11 04:27:25.799950 2021] [:error] [pid 19235] [client 45.146.165.123:33150] script '/var/www/manoj/index.php' not found or unable to stat
[Fri Jun 11 06:30:42.100105 2021] [:error] [pid 31676] [client 52.192.73.251:28609] script '/var/www/manoj/wp-login.php' not found or unable to stat
[Fri Jun 11 17:08:33.398161 2021] [ssl:error] [pid 31675] AH02032: Hostname www.manojsathya.tech provided via SNI and hostname manojsathya.tech provided via HTTP are different
[Fri Jun 11 22:41:51.703734 2021] [:error] [pid 31674] [client 45.146.165.123:40984] script '/var/www/manoj/index.php' not found or unable to stat
[Sat Jun 12 02:59:18.400973 2021] [:error] [pid 19235] [client 211.227.76.162:60002] script '/var/www/manoj/elrekt.php' not found or unable to stat
[Sat Jun 12 02:59:19.155538 2021] [:error] [pid 31677] [client 211.227.76.162:60248] script '/var/www/manoj/index.php' not found or unable to stat
[Sat Jun 12 14:54:54.038239 2021] [:error] [pid 19256] [client 149.129.50.37:50611] script '/var/www/manoj/proxyjudge.php' not found or unable to stat
[Sat Jun 12 16:02:06.676272 2021] [:error] [pid 19256] [client 198.27.69.82:41578] script '/var/www/manoj/wp-login.php' not found or unable to stat, referer: http://manojsathya.tech/wp-login.php
[Sat Jun 12 17:20:39.134728 2021] [:error] [pid 1911] [client 45.146.165.123:49672] script '/var/www/manoj/index.php' not found or unable to stat
[Sun Jun 13 03:24:01.628323 2021] [ssl:warn] [pid 8025] AH01909: RSA certificate configured for www.manojsathya.tech:443 does NOT include an ID which matches the server name
[Sun Jun 13 08:27:26.891400 2021] [:error] [pid 8556] [client 34.203.37.48:39567] script '/var/www/manoj/wp-login.php' not found or unable to stat
[Sun Jun 13 08:40:54.375527 2021] [:error] [pid 8556] [client 103.80.82.33:52764] script '/var/www/manoj/wp-login.php' not found or unable to stat, referer: http://www.manojsathya.tech/wp-login.php
[Sun Jun 13 12:54:44.424190 2021] [:error] [pid 9927] [client 45.146.165.123:43048] script '/var/www/manoj/index.php' not found or unable to stat
[Sun Jun 13 13:17:18.646104 2021] [:error] [pid 8554] [client 52.168.0.161:60681] script '/var/www/manoj/xmlrpc.php' not found or unable to stat
[Sun Jun 13 15:21:26.453077 2021] [:error] [pid 8552] [client 123.57.10.87:40816] script '/var/www/manoj/wp-login.php' not found or unable to stat
[Sun Jun 13 22:07:27.829276 2021] [:error] [pid 8553] [client 20.102.49.87:61159] script '/var/www/manoj/xmlrpc.php' not found or unable to stat
[Mon Jun 14 06:20:25.999735 2021] [:error] [pid 8590] [client 45.146.165.123:52990] script '/var/www/manoj/index.php' not found or unable to stat
[Mon Jun 14 10:40:34.560292 2021] [:error] [pid 14458] [client 123.58.212.83:33646] script '/var/www/manoj/kefu.php' not found or unable to stat
[Mon Jun 14 10:40:52.911369 2021] [:error] [pid 8590] [client 123.58.212.83:48844] script '/var/www/manoj/leftDao.php' not found or unable to stat
[Mon Jun 14 10:41:03.233953 2021] [:error] [pid 14461] [client 123.58.212.83:56954] script '/var/www/manoj/index.php' not found or unable to stat
[Mon Jun 14 10:41:07.957816 2021] [:error] [pid 8554] [client 123.58.212.83:41782] script '/var/www/manoj/index.php' not found or unable to stat
[Mon Jun 14 10:41:11.318439 2021] [:error] [pid 8552] [client 123.58.212.83:42802] script '/var/www/manoj/index.php' not found or unable to stat
[Mon Jun 14 10:41:11.436665 2021] [:error] [pid 8552] [client 123.58.212.83:42802] script '/var/www/manoj/index.php' not found or unable to stat
[Mon Jun 14 10:41:13.113535 2021] [:error] [pid 8553] [client 123.58.212.83:44932] script '/var/www/manoj/info.php' not found or unable to stat
[Mon Jun 14 10:41:13.170754 2021] [:error] [pid 8642] [client 123.58.212.83:49516] script '/var/www/manoj/index.php' not found or unable to stat
[Mon Jun 14 12:23:23.800010 2021] [:error] [pid 8552] [client 134.122.31.214:65327] script '/var/www/manoj/xmlrpc.php' not found or unable to stat
[Mon Jun 14 13:59:43.464172 2021] [:error] [pid 14601] [client 171.244.21.74:19685] script '/var/www/manoj/wp-login.php' not found or unable to stat, referer: http://manojsathya.tech/wp-login.php
[Mon Jun 14 23:20:54.553938 2021] [:error] [pid 8552] [client 103.107.198.237:64601] script '/var/www/manoj/xmlrpc.php' not found or unable to stat
[Mon Jun 14 23:59:17.637052 2021] [:error] [pid 14459] [client 45.146.165.123:50642] script '/var/www/manoj/index.php' not found or unable to stat
[Tue Jun 15 13:10:28.469028 2021] [:error] [pid 19774] [client 34.80.114.92:32928] script '/var/www/manoj/wp-login.php' not found or unable to stat, referer: http://manojsathya.tech/wp-login.php
[Tue Jun 15 15:27:30.505142 2021] [:error] [pid 19774] [client 45.146.165.123:43894] script '/var/www/manoj/index.php' not found or unable to stat
[Tue Jun 15 16:54:47.666758 2021] [:error] [pid 14460] [client 20.52.152.164:52874] script '/var/www/manoj/xmlrpc.php' not found or unable to stat
[Wed Jun 16 04:25:05.751740 2021] [:error] [pid 14601] [client 40.85.173.51:60509] script '/var/www/manoj/xmlrpc.php' not found or unable to stat
[Wed Jun 16 06:34:29.565575 2021] [:error] [pid 8555] [client 13.233.73.212:49379] script '/var/www/manoj/wp-login.php' not found or unable to stat
[Wed Jun 16 08:05:33.245158 2021] [:error] [pid 14456] [client 81.180.84.246:35134] script '/var/www/manoj/wp-login.php' not found or unable to stat
[Wed Jun 16 11:15:22.796653 2021] [:error] [pid 23979] [client 45.146.165.123:34272] script '/var/www/manoj/index.php' not found or unable to stat
[Wed Jun 16 14:23:45.242609 2021] [:error] [pid 14465] [client 167.71.13.196:54904] script '/var/www/manoj/info.php' not found or unable to stat
[Thu Jun 17 02:31:47.513790 2021] [:error] [pid 23980] [client 45.146.165.123:59834] script '/var/www/manoj/index.php' not found or unable to stat
[Thu Jun 17 20:18:18.207256 2021] [:error] [pid 23980] [client 45.146.165.123:36970] script '/var/www/manoj/index.php' not found or unable to stat
[Thu Jun 17 20:42:42.222313 2021] [:error] [pid 8552] [client 167.99.196.107:35666] script '/var/www/manoj/system_api.php' not found or unable to stat
[Fri Jun 18 05:00:27.434652 2021] [:error] [pid 14456] [client 54.176.188.51:7387] script '/var/www/manoj/wp-login.php' not found or unable to stat
[Fri Jun 18 11:43:17.082983 2021] [:error] [pid 14459] [client 13.124.222.242:11577] script '/var/www/manoj/wp-login.php' not found or unable to stat
[Fri Jun 18 15:33:21.169879 2021] [:error] [pid 14460] [client 173.236.170.203:37898] script '/var/www/manoj/wp-login.php' not found or unable to stat, referer: http://manojsathya.tech/wp-login.php
[Fri Jun 18 16:13:41.437536 2021] [:error] [pid 23979] [client 45.146.165.123:47390] script '/var/www/manoj/index.php' not found or unable to stat
[Fri Jun 18 18:43:27.574742 2021] [:error] [pid 23979] [client 35.181.87.238:49982] script '/var/www/manoj/wp-login.php' not found or unable to stat
[Sat Jun 19 02:05:20.450405 2021] [ssl:error] [pid 23978] [client 64.246.161.30:29061] AH02225: Re-negotiation request failed
[Sat Jun 19 02:05:20.450585 2021] [ssl:error] [pid 23978] SSL Library Error: error:14080152:SSL routines:ssl3_accept:unsafe legacy renegotiation disabled
[Sat Jun 19 07:52:01.610944 2021] [:error] [pid 2024] [client 45.146.165.123:59340] script '/var/www/manoj/index.php' not found or unable to stat
[Sat Jun 19 18:33:06.610877 2021] [:error] [pid 8552] [client 34.236.18.197:35147] script '/var/www/manoj/wp-login.php' not found or unable to stat
[Sun Jun 20 03:35:01.387848 2021] [ssl:warn] [pid 8025] AH01909: RSA certificate configured for www.manojsathya.tech:443 does NOT include an ID which matches the server name
[Sun Jun 20 04:27:03.999265 2021] [:error] [pid 9618] [client 45.146.165.123:58200] script '/var/www/manoj/index.php' not found or unable to stat
[Sun Jun 20 11:29:50.486458 2021] [:error] [pid 9621] [client 157.245.37.203:56254] script '/var/www/manoj/wp-login.php' not found or unable to stat
[Sun Jun 20 12:53:55.648777 2021] [:error] [pid 9620] [client 13.124.222.242:5241] script '/var/www/manoj/wp-login.php' not found or unable to stat
[Sun Jun 20 17:53:07.704807 2021] [:error] [pid 9620] [client 159.203.37.43:53360] script '/var/www/manoj/wp-login.php' not found or unable to stat, referer: http://manojsathya.tech/wp-login.php
[Sun Jun 20 19:00:23.286871 2021] [:error] [pid 9622] [client 5.188.210.227:62578] script '/var/www/manoj/echo.php' not found or unable to stat, referer: https://www.google.com/
[Sun Jun 20 21:10:32.218863 2021] [:error] [pid 9656] [client 45.146.165.123:52112] script '/var/www/manoj/index.php' not found or unable to stat
[Mon Jun 21 15:15:21.099864 2021] [:error] [pid 18516] [client 45.146.165.123:42886] script '/var/www/manoj/index.php' not found or unable to stat
[Mon Jun 21 19:20:11.966204 2021] [:error] [pid 9622] [client 51.83.42.161:59406] script '/var/www/manoj/wp-login.php' not found or unable to stat, referer: http://www.manojsathya.tech/wp-login.php
[Tue Jun 22 09:28:28.435757 2021] [:error] [pid 18516] [client 45.146.165.123:40272] script '/var/www/manoj/index.php' not found or unable to stat
[Tue Jun 22 16:59:33.083904 2021] [:error] [pid 9656] [client 210.13.75.122:45790] script '/var/www/manoj/wp-login.php' not found or unable to stat, referer: http://manojsathya.tech/wp-login.php
[Wed Jun 23 01:45:01.726147 2021] [:error] [pid 9619] [client 45.146.165.123:51852] script '/var/www/manoj/index.php' not found or unable to stat
[Wed Jun 23 17:52:40.096170 2021] [:error] [pid 18517] [client 129.28.203.122:12512] script '/var/www/manoj/elrekt.php' not found or unable to stat
[Wed Jun 23 17:52:40.851023 2021] [:error] [pid 9618] [client 129.28.203.122:13918] script '/var/www/manoj/index.php' not found or unable to stat
[Wed Jun 23 19:33:35.764963 2021] [:error] [pid 9618] [client 46.101.213.183:25626] script '/var/www/manoj/wp-login.php' not found or unable to stat, referer: http://manojsathya.tech/wp-login.php
[Wed Jun 23 19:33:35.770199 2021] [:error] [pid 18517] [client 46.101.213.183:25624] script '/var/www/manoj/wp-login.php' not found or unable to stat, referer: http://manojsathya.tech/wp-login.php
[Wed Jun 23 20:28:49.683414 2021] [:error] [pid 29158] [client 45.146.165.123:51368] script '/var/www/manoj/index.php' not found or unable to stat
[Wed Jun 23 23:00:45.486226 2021] [:error] [pid 29135] [client 142.54.177.5:63989] script '/var/www/manoj/wp-login.php' not found or unable to stat, referer: http://www.google.com.hk
[Thu Jun 24 05:16:16.416172 2021] [:error] [pid 29154] [client 213.108.196.109:40686] script '/var/www/manoj/recv4.php' not found or unable to stat
[Thu Jun 24 13:25:50.589566 2021] [:error] [pid 29147] [client 45.146.165.123:42710] script '/var/www/manoj/index.php' not found or unable to stat
[Thu Jun 24 18:08:27.473245 2021] [:error] [pid 29156] [client 67.205.61.254:50176] script '/var/www/manoj/wp-login.php' not found or unable to stat, referer: http://manojsathya.tech/wp-login.php
[Thu Jun 24 23:20:00.635479 2021] [:error] [pid 29156] [client 134.209.156.2:50522] script '/var/www/manoj/system_api.php' not found or unable to stat
[Fri Jun 25 08:13:28.065425 2021] [:error] [pid 29147] [client 45.146.165.123:57464] script '/var/www/manoj/index.php' not found or unable to stat
[Fri Jun 25 23:22:09.784768 2021] [:error] [pid 29158] [client 45.146.165.123:33956] script '/var/www/manoj/index.php' not found or unable to stat
[Sat Jun 26 18:17:26.371320 2021] [:error] [pid 29158] [client 129.213.160.208:49830] script '/var/www/manoj/xmlrpc.php' not found or unable to stat
[Sat Jun 26 19:26:48.738610 2021] [:error] [pid 5206] [client 167.86.75.216:36074] script '/var/www/manoj/wp-login.php' not found or unable to stat, referer: http://www.manojsathya.tech/wp-login.php
[Sat Jun 26 19:55:41.565139 2021] [:error] [pid 29155] [client 45.146.165.123:38226] script '/var/www/manoj/index.php' not found or unable to stat
[Sun Jun 27 03:31:01.563308 2021] [ssl:warn] [pid 8025] AH01909: RSA certificate configured for www.manojsathya.tech:443 does NOT include an ID which matches the server name
[Sun Jun 27 06:58:22.809584 2021] [core:error] [pid 15465] (36)File name too long: [client 194.195.245.233:34308] AH00036: access to /3000D00E0000FFFF3F0031313744373731343634304537353046007A7A7A7A7A7A7A7A7A7A7A7A7A7A7A0000000000000000000000000000000000000000000000000000000000000000000000000000000000000000000001000008047A7A7A7A7A7A7A7A7A0000000000000000000000000000000000000000000000000000000000000000 failed (filesystem path '/var/www/manoj/3000D00E0000FFFF3F0031313744373731343634304537353046007A7A7A7A7A7A7A7A7A7A7A7A7A7A7A0000000000000000000000000000000000000000000000000000000000000000000000000000000000000000000001000008047A7A7A7A7A7A7A7A7A0000000000000000000000000000000000000000000000000000000000000000')
[Sun Jun 27 14:49:32.058881 2021] [:error] [pid 16071] [client 45.146.165.123:35112] script '/var/www/manoj/index.php' not found or unable to stat
[Sun Jun 27 15:37:42.976086 2021] [:error] [pid 15918] [client 187.84.58.144:40470] script '/var/www/manoj/wp-login.php' not found or unable to stat
[Mon Jun 28 00:19:00.058587 2021] [:error] [pid 15503] [client 104.248.52.47:41812] script '/var/www/manoj/wp-login.php' not found or unable to stat
[Mon Jun 28 06:29:45.901740 2021] [:error] [pid 15503] [client 152.136.126.34:39366] script '/var/www/manoj/elrekt.php' not found or unable to stat
[Mon Jun 28 06:29:46.506191 2021] [:error] [pid 15468] [client 152.136.126.34:39902] script '/var/www/manoj/index.php' not found or unable to stat
[Mon Jun 28 07:05:00.742284 2021] [:error] [pid 16072] [client 45.146.165.123:40466] script '/var/www/manoj/index.php' not found or unable to stat
[Mon Jun 28 19:17:14.661525 2021] [core:error] [pid 15466] (36)File name too long: [client 159.89.131.146:54874] AH00036: access to /3000D00E0000FFFF3F0031313744373731343634304537353046007A7A7A7A7A7A7A7A7A7A7A7A7A7A7A0000000000000000000000000000000000000000000000000000000000000000000000000000000000000000000001000008047A7A7A7A7A7A7A7A7A0000000000000000000000000000000000000000000000000000000000000000 failed (filesystem path '/var/www/manoj/3000D00E0000FFFF3F0031313744373731343634304537353046007A7A7A7A7A7A7A7A7A7A7A7A7A7A7A0000000000000000000000000000000000000000000000000000000000000000000000000000000000000000000001000008047A7A7A7A7A7A7A7A7A0000000000000000000000000000000000000000000000000000000000000000')
[Tue Jun 29 00:30:02.527346 2021] [:error] [pid 15468] [client 5.188.210.227:42560] script '/var/www/manoj/echo.php' not found or unable to stat, referer: https://www.google.com/
[Tue Jun 29 01:36:03.869500 2021] [:error] [pid 15465] [client 45.146.165.123:49984] script '/var/www/manoj/index.php' not found or unable to stat
[Tue Jun 29 15:28:18.916980 2021] [:error] [pid 16071] [client 162.241.232.228:59206] script '/var/www/manoj/wp-login.php' not found or unable to stat, referer: http://manojsathya.tech/wp-login.php
[Tue Jun 29 16:40:09.795186 2021] [:error] [pid 15468] [client 45.146.165.123:51086] script '/var/www/manoj/index.php' not found or unable to stat
[Wed Jun 30 09:47:12.859701 2021] [:error] [pid 32289] [client 45.146.165.123:53696] script '/var/www/manoj/index.php' not found or unable to stat
[Wed Jun 30 10:13:33.023233 2021] [:error] [pid 16071] [client 218.153.244.22:63814] script '/var/www/manoj/main.php' not found or unable to stat, referer: http://164.52.200.200/
[Wed Jun 30 14:27:20.670982 2021] [:error] [pid 15468] [client 23.95.217.2:23884] script '/var/www/manoj/wp-login.php' not found or unable to stat, referer: http://manojsathya.tech/wp-login.php
[Wed Jun 30 16:01:45.086005 2021] [:error] [pid 15918] [client 202.181.207.89:42900] script '/var/www/manoj/wp-login.php' not found or unable to stat
[Wed Jun 30 19:47:13.638964 2021] [:error] [pid 31725] [client 147.182.170.165:23150] script '/var/www/manoj/index.php' not found or unable to stat
[Thu Jul 01 00:32:30.061685 2021] [core:error] [pid 32289] (36)File name too long: [client 142.93.61.206:42186] AH00036: access to /3000D00E0000FFFF3F0031313744373731343634304537353046007A7A7A7A7A7A7A7A7A7A7A7A7A7A7A0000000000000000000000000000000000000000000000000000000000000000000000000000000000000000000001000008047A7A7A7A7A7A7A7A7A0000000000000000000000000000000000000000000000000000000000000000 failed (filesystem path '/var/www/manoj/3000D00E0000FFFF3F0031313744373731343634304537353046007A7A7A7A7A7A7A7A7A7A7A7A7A7A7A0000000000000000000000000000000000000000000000000000000000000000000000000000000000000000000001000008047A7A7A7A7A7A7A7A7A0000000000000000000000000000000000000000000000000000000000000000')
[Thu Jul 01 11:42:05.184316 2021] [:error] [pid 15918] [client 64.225.98.157:43024] script '/var/www/manoj/system_api.php' not found or unable to stat
[Thu Jul 01 12:05:26.338293 2021] [:error] [pid 16071] [client 45.87.43.130:52804] script '/var/www/manoj/api.php' not found or unable to stat
[Thu Jul 01 15:10:42.467413 2021] [:error] [pid 22385] [client 52.176.0.184:1152] script '/var/www/manoj/xmlrpc.php' not found or unable to stat
[Thu Jul 01 22:57:00.725196 2021] [:error] [pid 22385] [client 45.146.164.110:47060] script '/var/www/manoj/index.php' not found or unable to stat
[Fri Jul 02 15:40:49.330423 2021] [:error] [pid 835] [client 220.118.83.70:44582] script '/var/www/manoj/wp-login.php' not found or unable to stat, referer: http://manojsathya.tech/wp-login.php
[Fri Jul 02 17:18:37.868993 2021] [:error] [pid 16071] [client 45.146.164.110:49536] script '/var/www/manoj/index.php' not found or unable to stat
[Sat Jul 03 10:47:30.067923 2021] [:error] [pid 32289] [client 45.146.164.110:43668] script '/var/www/manoj/index.php' not found or unable to stat
[Sat Jul 03 16:02:45.897981 2021] [:error] [pid 32289] [client 51.159.56.165:51094] script '/var/www/manoj/wp-login.php' not found or unable to stat, referer: http://manojsathya.tech/wp-login.php
[Sat Jul 03 18:21:28.029645 2021] [:error] [pid 4125] [client 103.13.30.98:57054] script '/var/www/manoj/index.php' not found or unable to stat
[Sun Jul 04 01:54:06.975138 2021] [:error] [pid 4125] [client 45.146.164.110:58778] script '/var/www/manoj/index.php' not found or unable to stat
[Sun Jul 04 02:43:57.979466 2021] [:error] [pid 22385] [client 1.116.77.123:55508] script '/var/www/manoj/elrekt.php' not found or unable to stat
[Sun Jul 04 02:43:58.655839 2021] [:error] [pid 4130] [client 1.116.77.123:57414] script '/var/www/manoj/index.php' not found or unable to stat
[Sun Jul 04 03:48:01.710732 2021] [ssl:warn] [pid 8025] AH01909: RSA certificate configured for www.manojsathya.tech:443 does NOT include an ID which matches the server name
[Sun Jul 04 13:16:21.468213 2021] [:error] [pid 24716] [client 203.159.80.184:56598] script '/var/www/manoj/card_scan_decoder.php' not found or unable to stat
[Sun Jul 04 20:30:02.293837 2021] [:error] [pid 23780] [client 45.146.164.110:60530] script '/var/www/manoj/index.php' not found or unable to stat
